# ----------------------------------------
# Jasper Version Info
# tool      : Jasper 2024.06
# platform  : Linux 4.18.0-553.89.1.el8_10.x86_64
# version   : 2024.06p002 64 bits
# build date: 2024.09.02 16:28:38 UTC
# ----------------------------------------
# started   : 2025-12-17 12:09:05 EST
# hostname  : cadpc05.(none)
# pid       : 2804799
# arguments : '-label' 'session_0' '-console' '//127.0.0.1:43485' '-nowindow' '-style' 'windows' '-exitonerror' '-data' 'AAAAqnicY2RgYLCp////PwMYMD6A0Aw2jAyoAMRnQhUJbEChGRhYYZphSpiBmIdBlyGJIZGhhCGZIQPI5wDy0xgKGMqAbDUgq4xBnyETKJcIlk9liIfSyQzZDHpgXTlgswBfnRHb' '-proj' '/homes/user/stud/fall23/das2313/csee4824/csee4824-final-project/jgproject/sessionLogs/session_0' '-init' '-hidden' '/homes/user/stud/fall23/das2313/csee4824/csee4824-final-project/jgproject/.tmp/.initCmds.tcl' 'fv/icache_check.tcl' '-hidden' '/homes/user/stud/fall23/das2313/csee4824/csee4824-final-project/jgproject/.tmp/.postCmds.tcl'

Any disclosure about the Cadence Design Systems software or its use
model to any third party violates the written Non-Disclosure Agreement
between Cadence Design Systems, Inc. and the customer.

THIS SOFTWARE CONTAINS CONFIDENTIAL INFORMATION AND TRADE SECRETS OF
CADENCE DESIGN SYSTEMS, INC. USE, DISCLOSURE, OR REPRODUCTION IS
PROHIBITED WITHOUT THE PRIOR EXPRESS WRITTEN PERMISSION OF CADENCE
DESIGN SYSTEMS, INC.

Copyright (C) 2000-2024 Cadence Design Systems, Inc. All Rights
Reserved.  Unpublished -- rights reserved under the copyright laws of
the United States.

This product includes software developed by others and redistributed
according to license agreement. See doc/third_party_readme.txt for
further details.

RESTRICTED RIGHTS LEGEND

Use, duplication, or disclosure by the Government is subject to
restrictions as set forth in subparagraph (c) (1) (ii) of the Rights in
Technical Data and Computer Software clause at DFARS 252.227-7013 or
subparagraphs (c) (1) and (2) of Commercial Computer Software -- Restricted
Rights at 48 CFR 52.227-19, as applicable.


                          Cadence Design Systems, Inc.
                          2655 Seely Avenue
                          San Jose, CA 95134
                          Phone: 408.943.1234

For technical assistance visit http://support.cadence.com.

Jasper Apps Analysis Session - /homes/user/stud/fall23/das2313/csee4824/csee4824-final-project/jgproject/sessionLogs/session_0

INFO: successfully checked out license "jasper_fao".
INFO: reading configuration file "/user/stud/fall23/das2313/.config/cadence/jasper.conf".
% set ROOT_PATH .
.
% set RTL_PATH ${ROOT_PATH}/verilog
./verilog
% set FV_PATH ${ROOT_PATH}/fv
./fv
% 
% set CLOCK_PERIOD 1300
1300
% 
% analyze -sv \
    +define+CLOCK_PERIOD=${CLOCK_PERIOD} \
    +define+FORMAL \
    -incdir ${ROOT_PATH} \
    ${RTL_PATH}/sys_defs.svh \
    ${RTL_PATH}/icache.sv \
    ${FV_PATH}/fv_mem.sv \
    ${FV_PATH}/icache_check.sv
[-- (VERI-1482)] Analyzing Verilog file '/tools/cadence/jasper_2024.06p002/lib/verilog/packages/std/std.sv' into library 'std'
[-- (VERI-1482)] Analyzing Verilog file './verilog/sys_defs.svh'
[-- (VERI-1482)] Analyzing Verilog file './verilog/icache.sv'
[INFO (VERI-1328)] ./verilog/icache.sv(11): analyzing included file 'verilog/sys_defs.svh'
[ERROR (VERI-9011)] ./verilog/icache.sv(163): block id 'cache_insert_consistent' is already declared
[INFO (VERI-1967)] ./verilog/icache.sv(159): previous declaration of 'cache_insert_consistent' is from here
[WARN (VERI-1763)] ./verilog/icache.sv(127): SVA directive is not sensitive to any clock. The directive will be sampled on the posedge of the fastest clock.
[ERROR (VERI-1072)] ./verilog/icache.sv(299): module 'icache' is ignored due to previous errors
Summary of errors detected:
	[ERROR (VERI-9011)] ./verilog/icache.sv(163): block id 'cache_insert_consistent' is already declared
	[ERROR (VERI-1072)] ./verilog/icache.sv(299): module 'icache' is ignored due to previous errors
ERROR (ENL034): 2 errors detected in the design file(s).

ERROR: problem encountered at line 7 in file fv/icache_check.tcl

INFO (IPL005): Received request to exit from the console.
INFO (IPL018): The peak resident set memory use for this session was 0.000 GB.
INFO (IPL014): Waiting for the Tcl-thread to exit.
INFO (IPL015): The Tcl-thread exited with status 1.
INFO (IPL016): Exiting the analysis session with status 1.
