Info: [VCS_SAVE_RESTORE_INFO] ASLR (Address Space Layout Randomization) is detected on the machine. To enable $save functionality, ASLR will be switched off and simv re-executed.
Please use '-no_save' simv switch to avoid re-execution or '-suppress=ASLR_DETECTED_INFO' to suppress this message.
Chronologic VCS simulator copyright 1991-2023
Contains Synopsys proprietary information.
Compiler version U-2023.03-SP2-1_Full64; Runtime version U-2023.03-SP2-1_Full64;  Mar 12 02:03 2025
index:          0 T: x V1:         x V2:         x ready:x go:x
index:          1 T: x V1:         x V2:         x ready:x go:x
index:          2 T: x V1:         x V2:         x ready:x go:x
index:          3 T: x V1:         x V2:         x ready:x go:x
-----------------------------------------
index:          0 T: x V1:         x V2:         x ready:x go:x
index:          1 T: x V1:         x V2:         x ready:x go:x
index:          2 T: x V1:         x V2:         x ready:x go:x
index:          3 T: x V1:         x V2:         x ready:x go:x
-----------------------------------------
index:          0 T: x V1:         x V2:         x ready:x go:x
index:          1 T: x V1:         x V2:         x ready:x go:x
index:          2 T: x V1:         x V2:         x ready:x go:x
index:          3 T: x V1:         x V2:         x ready:x go:x
-----------------------------------------
$finish called from file "test/rs_stage_test.sv", line 135.
$finish at simulation time                 7500
           V C S   S i m u l a t i o n   R e p o r t 
Time: 750000 ps
CPU Time:      0.140 seconds;       Data structure size:   0.0Mb
Wed Mar 12 02:03:17 2025
