Info: [VCS_SAVE_RESTORE_INFO] ASLR (Address Space Layout Randomization) is detected on the machine. To enable $save functionality, ASLR will be switched off and simv re-executed.
Please use '-no_save' simv switch to avoid re-execution or '-suppress=ASLR_DETECTED_INFO' to suppress this message.
Chronologic VCS simulator copyright 1991-2023
Contains Synopsys proprietary information.
Compiler version U-2023.03-SP2-1_Full64; Runtime version U-2023.03-SP2-1_Full64;  Apr  2 20:02 2025
Loading memory file: programs/copy.mem
Using writeback output file: output/copy.wb
@@
@@
@@                     0  Asserting System reset......
@@
@@                     0 : System STILL at reset, can't show anything
@@
@@
@@                  3500 : System STILL at reset, can't show anything
@@
@@
@@                  7000 : System STILL at reset, can't show anything
@@
@@
@@                 10500 : System STILL at reset, can't show anything
@@
@@                 12260  Deasserting System reset......
@@
@@
====================================================================================

(IF_ID_reg)	time:          6
------------------------------------------
PC: 00, INST: 00000000
------------------------------------------

(D_S_reg)	time:          6
------------------------------------------
INST: 313
PC: 0
NPC: 4
r: 6
r1: 0
r2: 0
opa_select: 0
opb_select: 1
cond_branch: 0, uncond_branch: 0, alu_func: 0
rs_idx: 0
halt: 0, illegal: 0, csr_op: 0, valid: 1

------------------------------------------

(RS_TABLE)	time:          6
------------------------------------------
index:    0   T:   0   T1:   0   T2:   0   V1:   0   V2:   0   busy:   0   ready:00
index:    1   T:   0   T1:   0   T2:   0   V1:   0   V2:   0   busy:   0   ready:00
index:    2   T:   0   T1:   0   T2:   0   V1:   0   V2:   0   busy:   0   ready:00
index:    3   T:   0   T1:   0   T2:   0   V1:   0   V2:   0   busy:   0   ready:00
------------------------------------------

(MAP_TABLE)	time:          6
------------------------------------------
index:    1   T:   0	  plus:   0
index:    2   T:   0	  plus:   0
index:    3   T:   0	  plus:   0
index:    4   T:   0	  plus:   0
------------------------------------------

(CDB)	time:          6
------------------------------------------
T:   0	  V:   0
FU_ready:1111	  FU_req:0000	    gnt:0000
------------------------------------------

(ROB_TABLE) h:  1, t:  1	time:          6
------------------------------------------
index:    1   r:   0   V:   0
index:    2   r:   0   V:   0
index:    3   r:   0   V:   0
index:    4   r:   0   V:   0
index:    5   r:   0   V:   0
index:    6   r:   0   V:   0
index:    7   r:   0   V:   0

(RETIRE) valid: 0, ROB_T:    0
------------------------------------------         6

(S_X_reg_0)	time:          6
------------------------------------------
PC: 00, INST: 00000000, T: 0, V1: 0, V2: 0, halt: 0, valid: 0

(X_C_reg_0)	time:          6
------------------------------------------
T: 00, result: 00000000, valid: 0
====================================================================================

(IF_ID_reg)	time:          7
------------------------------------------
PC: 00, INST: 00000000
------------------------------------------

(D_S_reg)	time:          7
------------------------------------------
INST: 0
PC: 0
NPC: 0
r: 0
r1: 0
r2: 0
opa_select: 0
opb_select: 0
cond_branch: 0, uncond_branch: 0, alu_func: 0
rs_idx: 0
halt: 0, illegal: 0, csr_op: 0, valid: 0

------------------------------------------

(RS_TABLE)	time:          7
------------------------------------------
index:    0   T:   0   T1:   0   T2:   0   V1:   0   V2:   0   busy:   0   ready:00
index:    1   T:   0   T1:   0   T2:   0   V1:   0   V2:   0   busy:   0   ready:00
index:    2   T:   0   T1:   0   T2:   0   V1:   0   V2:   0   busy:   0   ready:00
index:    3   T:   0   T1:   0   T2:   0   V1:   0   V2:   0   busy:   0   ready:00
------------------------------------------

(MAP_TABLE)	time:          7
------------------------------------------
index:    1   T:   0	  plus:   0
index:    2   T:   0	  plus:   0
index:    3   T:   0	  plus:   0
index:    4   T:   0	  plus:   0
------------------------------------------

(CDB)	time:          7
------------------------------------------
T:   0	  V:   0
FU_ready:1111	  FU_req:0000	    gnt:0000
------------------------------------------

(ROB_TABLE) h:  1, t:  2	time:          7
------------------------------------------
index:    1   r:   6   V:   0
index:    2   r:   0   V:   0
index:    3   r:   0   V:   0
index:    4   r:   0   V:   0
index:    5   r:   0   V:   0
index:    6   r:   0   V:   0
index:    7   r:   0   V:   0

(RETIRE) valid: 0, ROB_T:    0
------------------------------------------         7

(S_X_reg_0)	time:          7
------------------------------------------
PC: 00, INST: 00000000, T: 0, V1: 0, V2: 0, halt: 0, valid: 0

(X_C_reg_0)	time:          7
------------------------------------------
T: 00, result: 00000000, valid: 0
====================================================================================

(IF_ID_reg)	time:          8
------------------------------------------
PC: 00, INST: 00000000
------------------------------------------

(D_S_reg)	time:          8
------------------------------------------
INST: 0
PC: 0
NPC: 0
r: 0
r1: 0
r2: 0
opa_select: 0
opb_select: 0
cond_branch: 0, uncond_branch: 0, alu_func: 0
rs_idx: 0
halt: 0, illegal: 0, csr_op: 0, valid: 0

------------------------------------------

(RS_TABLE)	time:          8
------------------------------------------
index:    0   T:   1   T1:   0   T2:   0   V1:   0   V2:   0   busy:   1   ready:11
index:    1   T:   0   T1:   0   T2:   0   V1:   0   V2:   0   busy:   0   ready:00
index:    2   T:   0   T1:   0   T2:   0   V1:   0   V2:   0   busy:   0   ready:00
index:    3   T:   0   T1:   0   T2:   0   V1:   0   V2:   0   busy:   0   ready:00
------------------------------------------

(MAP_TABLE)	time:          8
------------------------------------------
index:    1   T:   0	  plus:   0
index:    2   T:   0	  plus:   0
index:    3   T:   0	  plus:   0
index:    4   T:   0	  plus:   0
------------------------------------------

(CDB)	time:          8
------------------------------------------
T:   0	  V:   0
FU_ready:1111	  FU_req:0000	    gnt:0000
------------------------------------------

(ROB_TABLE) h:  1, t:  2	time:          8
------------------------------------------
index:    1   r:   6   V:   0
index:    2   r:   0   V:   0
index:    3   r:   0   V:   0
index:    4   r:   0   V:   0
index:    5   r:   0   V:   0
index:    6   r:   0   V:   0
index:    7   r:   0   V:   0

(RETIRE) valid: 0, ROB_T:    0
------------------------------------------         8

(S_X_reg_0)	time:          8
------------------------------------------
PC: 00, INST: 00000000, T: 0, V1: 0, V2: 0, halt: 0, valid: 0

(X_C_reg_0)	time:          8
------------------------------------------
T: 00, result: 00000000, valid: 0
====================================================================================

(IF_ID_reg)	time:          9
------------------------------------------
PC: 04, INST: 00001137
------------------------------------------

(D_S_reg)	time:          9
------------------------------------------
INST: 0
PC: 0
NPC: 0
r: 0
r1: 0
r2: 0
opa_select: 0
opb_select: 0
cond_branch: 0, uncond_branch: 0, alu_func: 0
rs_idx: 0
halt: 0, illegal: 0, csr_op: 0, valid: 0

------------------------------------------

(RS_TABLE)	time:          9
------------------------------------------
index:    0   T:   0   T1:   0   T2:   0   V1:   0   V2:   0   busy:   0   ready:00
index:    1   T:   0   T1:   0   T2:   0   V1:   0   V2:   0   busy:   0   ready:00
index:    2   T:   0   T1:   0   T2:   0   V1:   0   V2:   0   busy:   0   ready:00
index:    3   T:   0   T1:   0   T2:   0   V1:   0   V2:   0   busy:   0   ready:00
------------------------------------------

(MAP_TABLE)	time:          9
------------------------------------------
index:    1   T:   0	  plus:   0
index:    2   T:   0	  plus:   0
index:    3   T:   0	  plus:   0
index:    4   T:   0	  plus:   0
------------------------------------------

(CDB)	time:          9
------------------------------------------
T:   0	  V:   0
FU_ready:1110	  FU_req:0000	    gnt:0000
------------------------------------------

(ROB_TABLE) h:  1, t:  2	time:          9
------------------------------------------
index:    1   r:   6   V:   0
index:    2   r:   0   V:   0
index:    3   r:   0   V:   0
index:    4   r:   0   V:   0
index:    5   r:   0   V:   0
index:    6   r:   0   V:   0
index:    7   r:   0   V:   0

(RETIRE) valid: 0, ROB_T:    0
------------------------------------------         9

(S_X_reg_0)	time:          9
------------------------------------------
PC: 00, INST: 00000313, T: 1, V1: 0, V2: 0, halt: 0, valid: 1

(X_C_reg_0)	time:          9
------------------------------------------
T: 00, result: 00000000, valid: 0
====================================================================================

(IF_ID_reg)	time:         10
------------------------------------------
PC: 00, INST: 00000000
------------------------------------------

(D_S_reg)	time:         10
------------------------------------------
INST: 1137
PC: 4
NPC: 8
r: 2
r1: 0
r2: 0
opa_select: 3
opb_select: 4
cond_branch: 0, uncond_branch: 0, alu_func: 0
rs_idx: 0
halt: 0, illegal: 0, csr_op: 0, valid: 1

------------------------------------------

(RS_TABLE)	time:         10
------------------------------------------
index:    0   T:   0   T1:   0   T2:   0   V1:   0   V2:   0   busy:   0   ready:00
index:    1   T:   0   T1:   0   T2:   0   V1:   0   V2:   0   busy:   0   ready:00
index:    2   T:   0   T1:   0   T2:   0   V1:   0   V2:   0   busy:   0   ready:00
index:    3   T:   0   T1:   0   T2:   0   V1:   0   V2:   0   busy:   0   ready:00
------------------------------------------

(MAP_TABLE)	time:         10
------------------------------------------
index:    1   T:   0	  plus:   0
index:    2   T:   0	  plus:   0
index:    3   T:   0	  plus:   0
index:    4   T:   0	  plus:   0
------------------------------------------

(CDB)	time:         10
------------------------------------------
T:   1	  V:   0
FU_ready:1110	  FU_req:0001	    gnt:0001
------------------------------------------

(ROB_TABLE) h:  1, t:  2	time:         10
------------------------------------------
index:    1   r:   6   V:   0
index:    2   r:   0   V:   0
index:    3   r:   0   V:   0
index:    4   r:   0   V:   0
index:    5   r:   0   V:   0
index:    6   r:   0   V:   0
index:    7   r:   0   V:   0

(RETIRE) valid: 0, ROB_T:    0
------------------------------------------        10

(S_X_reg_0)	time:         10
------------------------------------------
PC: 00, INST: 00000000, T: 0, V1: 0, V2: 0, halt: 0, valid: 0

(X_C_reg_0)	time:         10
------------------------------------------
T: 01, result: 00000000, valid: 1
====================================================================================

(IF_ID_reg)	time:         11
------------------------------------------
PC: 00, INST: 00000000
------------------------------------------

(D_S_reg)	time:         11
------------------------------------------
INST: 0
PC: 0
NPC: 0
r: 0
r1: 0
r2: 0
opa_select: 0
opb_select: 0
cond_branch: 0, uncond_branch: 0, alu_func: 0
rs_idx: 0
halt: 0, illegal: 0, csr_op: 0, valid: 0

------------------------------------------

(RS_TABLE)	time:         11
------------------------------------------
index:    0   T:   0   T1:   0   T2:   0   V1:   0   V2:   0   busy:   0   ready:00
index:    1   T:   0   T1:   0   T2:   0   V1:   0   V2:   0   busy:   0   ready:00
index:    2   T:   0   T1:   0   T2:   0   V1:   0   V2:   0   busy:   0   ready:00
index:    3   T:   0   T1:   0   T2:   0   V1:   0   V2:   0   busy:   0   ready:00
------------------------------------------

(MAP_TABLE)	time:         11
------------------------------------------
index:    1   T:   0	  plus:   0
index:    2   T:   2	  plus:   0
index:    3   T:   0	  plus:   0
index:    4   T:   0	  plus:   0
------------------------------------------

(CDB)	time:         11
------------------------------------------
T:   0	  V:   0
FU_ready:1111	  FU_req:0000	    gnt:0000
------------------------------------------

(ROB_TABLE) h:  1, t:  3	time:         11
------------------------------------------
index:    1   r:   6   V:   0
index:    2   r:   2   V:   0
index:    3   r:   0   V:   0
index:    4   r:   0   V:   0
index:    5   r:   0   V:   0
index:    6   r:   0   V:   0
index:    7   r:   0   V:   0

(RETIRE) valid: 0, ROB_T:    0
------------------------------------------        11

(S_X_reg_0)	time:         11
------------------------------------------
PC: 00, INST: 00000000, T: 0, V1: 0, V2: 0, halt: 0, valid: 0

(X_C_reg_0)	time:         11
------------------------------------------
T: 00, result: 00000000, valid: 0
====================================================================================

(IF_ID_reg)	time:         12
------------------------------------------
PC: 00, INST: 00000000
------------------------------------------

(D_S_reg)	time:         12
------------------------------------------
INST: 0
PC: 0
NPC: 0
r: 0
r1: 0
r2: 0
opa_select: 0
opb_select: 0
cond_branch: 0, uncond_branch: 0, alu_func: 0
rs_idx: 0
halt: 0, illegal: 0, csr_op: 0, valid: 0

------------------------------------------

(RS_TABLE)	time:         12
------------------------------------------
index:    0   T:   2   T1:   0   T2:   0   V1:   0   V2:   0   busy:   1   ready:11
index:    1   T:   0   T1:   0   T2:   0   V1:   0   V2:   0   busy:   0   ready:00
index:    2   T:   0   T1:   0   T2:   0   V1:   0   V2:   0   busy:   0   ready:00
index:    3   T:   0   T1:   0   T2:   0   V1:   0   V2:   0   busy:   0   ready:00
------------------------------------------

(MAP_TABLE)	time:         12
------------------------------------------
index:    1   T:   0	  plus:   0
index:    2   T:   2	  plus:   0
index:    3   T:   0	  plus:   0
index:    4   T:   0	  plus:   0
------------------------------------------

(CDB)	time:         12
------------------------------------------
T:   0	  V:   0
FU_ready:1111	  FU_req:0000	    gnt:0000
------------------------------------------

(ROB_TABLE) h:  2, t:  3	time:         12
------------------------------------------
index:    1   r:   0   V:   0
index:    2   r:   2   V:   0
index:    3   r:   0   V:   0
index:    4   r:   0   V:   0
index:    5   r:   0   V:   0
index:    6   r:   0   V:   0
index:    7   r:   0   V:   0

(RETIRE) valid: 1, ROB_T:    1
------------------------------------------        12

(S_X_reg_0)	time:         12
------------------------------------------
PC: 00, INST: 00000000, T: 0, V1: 0, V2: 0, halt: 0, valid: 0

(X_C_reg_0)	time:         12
------------------------------------------
T: 00, result: 00000000, valid: 0
====================================================================================

(IF_ID_reg)	time:         13
------------------------------------------
PC: 08, INST: 00a00f93
------------------------------------------

(D_S_reg)	time:         13
------------------------------------------
INST: 0
PC: 0
NPC: 0
r: 0
r1: 0
r2: 0
opa_select: 0
opb_select: 0
cond_branch: 0, uncond_branch: 0, alu_func: 0
rs_idx: 0
halt: 0, illegal: 0, csr_op: 0, valid: 0

------------------------------------------

(RS_TABLE)	time:         13
------------------------------------------
index:    0   T:   0   T1:   0   T2:   0   V1:   0   V2:   0   busy:   0   ready:00
index:    1   T:   0   T1:   0   T2:   0   V1:   0   V2:   0   busy:   0   ready:00
index:    2   T:   0   T1:   0   T2:   0   V1:   0   V2:   0   busy:   0   ready:00
index:    3   T:   0   T1:   0   T2:   0   V1:   0   V2:   0   busy:   0   ready:00
------------------------------------------

(MAP_TABLE)	time:         13
------------------------------------------
index:    1   T:   0	  plus:   0
index:    2   T:   2	  plus:   0
index:    3   T:   0	  plus:   0
index:    4   T:   0	  plus:   0
------------------------------------------

(CDB)	time:         13
------------------------------------------
T:   0	  V:   0
FU_ready:1110	  FU_req:0000	    gnt:0000
------------------------------------------

(ROB_TABLE) h:  2, t:  3	time:         13
------------------------------------------
index:    1   r:   0   V:   0
index:    2   r:   2   V:   0
index:    3   r:   0   V:   0
index:    4   r:   0   V:   0
index:    5   r:   0   V:   0
index:    6   r:   0   V:   0
index:    7   r:   0   V:   0

(RETIRE) valid: 0, ROB_T:    0
------------------------------------------        13

(S_X_reg_0)	time:         13
------------------------------------------
PC: 04, INST: 00001137, T: 2, V1: 0, V2: 0, halt: 0, valid: 1

(X_C_reg_0)	time:         13
------------------------------------------
T: 00, result: 00000000, valid: 0
====================================================================================

(IF_ID_reg)	time:         14
------------------------------------------
PC: 00, INST: 00000000
------------------------------------------

(D_S_reg)	time:         14
------------------------------------------
INST: a00f93
PC: 8
NPC: c
r: 1f
r1: 0
r2: 0
opa_select: 0
opb_select: 1
cond_branch: 0, uncond_branch: 0, alu_func: 0
rs_idx: 0
halt: 0, illegal: 0, csr_op: 0, valid: 1

------------------------------------------

(RS_TABLE)	time:         14
------------------------------------------
index:    0   T:   0   T1:   0   T2:   0   V1:   0   V2:   0   busy:   0   ready:00
index:    1   T:   0   T1:   0   T2:   0   V1:   0   V2:   0   busy:   0   ready:00
index:    2   T:   0   T1:   0   T2:   0   V1:   0   V2:   0   busy:   0   ready:00
index:    3   T:   0   T1:   0   T2:   0   V1:   0   V2:   0   busy:   0   ready:00
------------------------------------------

(MAP_TABLE)	time:         14
------------------------------------------
index:    1   T:   0	  plus:   0
index:    2   T:   2	  plus:   0
index:    3   T:   0	  plus:   0
index:    4   T:   0	  plus:   0
------------------------------------------

(CDB)	time:         14
------------------------------------------
T:   2	  V:4096
FU_ready:1110	  FU_req:0001	    gnt:0001
------------------------------------------

(ROB_TABLE) h:  2, t:  3	time:         14
------------------------------------------
index:    1   r:   0   V:   0
index:    2   r:   2   V:   0
index:    3   r:   0   V:   0
index:    4   r:   0   V:   0
index:    5   r:   0   V:   0
index:    6   r:   0   V:   0
index:    7   r:   0   V:   0

(RETIRE) valid: 0, ROB_T:    0
------------------------------------------        14

(S_X_reg_0)	time:         14
------------------------------------------
PC: 00, INST: 00000000, T: 0, V1: 0, V2: 0, halt: 0, valid: 0

(X_C_reg_0)	time:         14
------------------------------------------
T: 02, result: 00001000, valid: 1
====================================================================================

(IF_ID_reg)	time:         15
------------------------------------------
PC: 00, INST: 00000000
------------------------------------------

(D_S_reg)	time:         15
------------------------------------------
INST: 0
PC: 0
NPC: 0
r: 0
r1: 0
r2: 0
opa_select: 0
opb_select: 0
cond_branch: 0, uncond_branch: 0, alu_func: 0
rs_idx: 0
halt: 0, illegal: 0, csr_op: 0, valid: 0

------------------------------------------

(RS_TABLE)	time:         15
------------------------------------------
index:    0   T:   0   T1:   0   T2:   0   V1:   0   V2:   0   busy:   0   ready:00
index:    1   T:   0   T1:   0   T2:   0   V1:   0   V2:   0   busy:   0   ready:00
index:    2   T:   0   T1:   0   T2:   0   V1:   0   V2:   0   busy:   0   ready:00
index:    3   T:   0   T1:   0   T2:   0   V1:   0   V2:   0   busy:   0   ready:00
------------------------------------------

(MAP_TABLE)	time:         15
------------------------------------------
index:    1   T:   0	  plus:   0
index:    2   T:   2	  plus:   1
index:    3   T:   0	  plus:   0
index:    4   T:   0	  plus:   0
------------------------------------------

(CDB)	time:         15
------------------------------------------
T:   0	  V:   0
FU_ready:1111	  FU_req:0000	    gnt:0000
------------------------------------------

(ROB_TABLE) h:  2, t:  4	time:         15
------------------------------------------
index:    1   r:   0   V:   0
index:    2   r:   2   V:4096
index:    3   r:  31   V:   0
index:    4   r:   0   V:   0
index:    5   r:   0   V:   0
index:    6   r:   0   V:   0
index:    7   r:   0   V:   0

(RETIRE) valid: 0, ROB_T:    0
------------------------------------------        15

(S_X_reg_0)	time:         15
------------------------------------------
PC: 00, INST: 00000000, T: 0, V1: 0, V2: 0, halt: 0, valid: 0

(X_C_reg_0)	time:         15
------------------------------------------
T: 00, result: 00000000, valid: 0
====================================================================================

(IF_ID_reg)	time:         16
------------------------------------------
PC: 00, INST: 00000000
------------------------------------------

(D_S_reg)	time:         16
------------------------------------------
INST: 0
PC: 0
NPC: 0
r: 0
r1: 0
r2: 0
opa_select: 0
opb_select: 0
cond_branch: 0, uncond_branch: 0, alu_func: 0
rs_idx: 0
halt: 0, illegal: 0, csr_op: 0, valid: 0

------------------------------------------

(RS_TABLE)	time:         16
------------------------------------------
index:    0   T:   3   T1:   0   T2:   0   V1:   0   V2:   0   busy:   1   ready:11
index:    1   T:   0   T1:   0   T2:   0   V1:   0   V2:   0   busy:   0   ready:00
index:    2   T:   0   T1:   0   T2:   0   V1:   0   V2:   0   busy:   0   ready:00
index:    3   T:   0   T1:   0   T2:   0   V1:   0   V2:   0   busy:   0   ready:00
------------------------------------------

(MAP_TABLE)	time:         16
------------------------------------------
index:    1   T:   0	  plus:   0
index:    2   T:   2	  plus:   1
index:    3   T:   0	  plus:   0
index:    4   T:   0	  plus:   0
------------------------------------------

(CDB)	time:         16
------------------------------------------
T:   0	  V:   0
FU_ready:1111	  FU_req:0000	    gnt:0000
------------------------------------------

(ROB_TABLE) h:  3, t:  4	time:         16
------------------------------------------
index:    1   r:   0   V:   0
index:    2   r:   0   V:   0
index:    3   r:  31   V:   0
index:    4   r:   0   V:   0
index:    5   r:   0   V:   0
index:    6   r:   0   V:   0
index:    7   r:   0   V:   0

(RETIRE) valid: 1, ROB_T:    2
------------------------------------------        16

(S_X_reg_0)	time:         16
------------------------------------------
PC: 00, INST: 00000000, T: 0, V1: 0, V2: 0, halt: 0, valid: 0

(X_C_reg_0)	time:         16
------------------------------------------
T: 00, result: 00000000, valid: 0
====================================================================================

(IF_ID_reg)	time:         17
------------------------------------------
PC: 0c, INST: 03f301b3
------------------------------------------

(D_S_reg)	time:         17
------------------------------------------
INST: 0
PC: 0
NPC: 0
r: 0
r1: 0
r2: 0
opa_select: 0
opb_select: 0
cond_branch: 0, uncond_branch: 0, alu_func: 0
rs_idx: 0
halt: 0, illegal: 0, csr_op: 0, valid: 0

------------------------------------------

(RS_TABLE)	time:         17
------------------------------------------
index:    0   T:   0   T1:   0   T2:   0   V1:   0   V2:   0   busy:   0   ready:00
index:    1   T:   0   T1:   0   T2:   0   V1:   0   V2:   0   busy:   0   ready:00
index:    2   T:   0   T1:   0   T2:   0   V1:   0   V2:   0   busy:   0   ready:00
index:    3   T:   0   T1:   0   T2:   0   V1:   0   V2:   0   busy:   0   ready:00
------------------------------------------

(MAP_TABLE)	time:         17
------------------------------------------
index:    1   T:   0	  plus:   0
index:    2   T:   2	  plus:   1
index:    3   T:   0	  plus:   0
index:    4   T:   0	  plus:   0
------------------------------------------

(CDB)	time:         17
------------------------------------------
T:   0	  V:   0
FU_ready:1110	  FU_req:0000	    gnt:0000
------------------------------------------

(ROB_TABLE) h:  3, t:  4	time:         17
------------------------------------------
index:    1   r:   0   V:   0
index:    2   r:   0   V:   0
index:    3   r:  31   V:   0
index:    4   r:   0   V:   0
index:    5   r:   0   V:   0
index:    6   r:   0   V:   0
index:    7   r:   0   V:   0

(RETIRE) valid: 0, ROB_T:    0
------------------------------------------        17

(S_X_reg_0)	time:         17
------------------------------------------
PC: 08, INST: 00a00f93, T: 3, V1: 0, V2: 0, halt: 0, valid: 1

(X_C_reg_0)	time:         17
------------------------------------------
T: 00, result: 00000000, valid: 0
====================================================================================

(IF_ID_reg)	time:         18
------------------------------------------
PC: 00, INST: 00000000
------------------------------------------

(D_S_reg)	time:         18
------------------------------------------
INST: 3f301b3
PC: c
NPC: 10
r: 3
r1: 6
r2: 1f
opa_select: 0
opb_select: 0
cond_branch: 0, uncond_branch: 0, alu_func: a
rs_idx: 1
halt: 0, illegal: 0, csr_op: 0, valid: 1

------------------------------------------

(RS_TABLE)	time:         18
------------------------------------------
index:    0   T:   0   T1:   0   T2:   0   V1:   0   V2:   0   busy:   0   ready:00
index:    1   T:   0   T1:   0   T2:   0   V1:   0   V2:   0   busy:   0   ready:00
index:    2   T:   0   T1:   0   T2:   0   V1:   0   V2:   0   busy:   0   ready:00
index:    3   T:   0   T1:   0   T2:   0   V1:   0   V2:   0   busy:   0   ready:00
------------------------------------------

(MAP_TABLE)	time:         18
------------------------------------------
index:    1   T:   0	  plus:   0
index:    2   T:   2	  plus:   1
index:    3   T:   0	  plus:   0
index:    4   T:   0	  plus:   0
------------------------------------------

(CDB)	time:         18
------------------------------------------
T:   3	  V:  10
FU_ready:1110	  FU_req:0001	    gnt:0001
------------------------------------------

(ROB_TABLE) h:  3, t:  4	time:         18
------------------------------------------
index:    1   r:   0   V:   0
index:    2   r:   0   V:   0
index:    3   r:  31   V:   0
index:    4   r:   0   V:   0
index:    5   r:   0   V:   0
index:    6   r:   0   V:   0
index:    7   r:   0   V:   0

(RETIRE) valid: 0, ROB_T:    0
------------------------------------------        18

(S_X_reg_0)	time:         18
------------------------------------------
PC: 00, INST: 00000000, T: 0, V1: 0, V2: 0, halt: 0, valid: 0

(X_C_reg_0)	time:         18
------------------------------------------
T: 03, result: 0000000a, valid: 1
====================================================================================

(IF_ID_reg)	time:         19
------------------------------------------
PC: 00, INST: 00000000
------------------------------------------

(D_S_reg)	time:         19
------------------------------------------
INST: 0
PC: 0
NPC: 0
r: 0
r1: 0
r2: 0
opa_select: 0
opb_select: 0
cond_branch: 0, uncond_branch: 0, alu_func: 0
rs_idx: 0
halt: 0, illegal: 0, csr_op: 0, valid: 0

------------------------------------------

(RS_TABLE)	time:         19
------------------------------------------
index:    0   T:   0   T1:   0   T2:   0   V1:   0   V2:   0   busy:   0   ready:00
index:    1   T:   0   T1:   0   T2:   0   V1:   0   V2:   0   busy:   0   ready:00
index:    2   T:   0   T1:   0   T2:   0   V1:   0   V2:   0   busy:   0   ready:00
index:    3   T:   0   T1:   0   T2:   0   V1:   0   V2:   0   busy:   0   ready:00
------------------------------------------

(MAP_TABLE)	time:         19
------------------------------------------
index:    1   T:   0	  plus:   0
index:    2   T:   2	  plus:   1
index:    3   T:   4	  plus:   0
index:    4   T:   0	  plus:   0
------------------------------------------

(CDB)	time:         19
------------------------------------------
T:   0	  V:   0
FU_ready:1111	  FU_req:0000	    gnt:0000
------------------------------------------

(ROB_TABLE) h:  3, t:  5	time:         19
------------------------------------------
index:    1   r:   0   V:   0
index:    2   r:   0   V:   0
index:    3   r:  31   V:  10
index:    4   r:   3   V:   0
index:    5   r:   0   V:   0
index:    6   r:   0   V:   0
index:    7   r:   0   V:   0

(RETIRE) valid: 0, ROB_T:    0
------------------------------------------        19

(S_X_reg_0)	time:         19
------------------------------------------
PC: 00, INST: 00000000, T: 0, V1: 0, V2: 0, halt: 0, valid: 0

(X_C_reg_0)	time:         19
------------------------------------------
T: 00, result: 00000000, valid: 0
====================================================================================

(IF_ID_reg)	time:         20
------------------------------------------
PC: 00, INST: 00000000
------------------------------------------

(D_S_reg)	time:         20
------------------------------------------
INST: 0
PC: 0
NPC: 0
r: 0
r1: 0
r2: 0
opa_select: 0
opb_select: 0
cond_branch: 0, uncond_branch: 0, alu_func: 0
rs_idx: 0
halt: 0, illegal: 0, csr_op: 0, valid: 0

------------------------------------------

(RS_TABLE)	time:         20
------------------------------------------
index:    0   T:   0   T1:   0   T2:   0   V1:   0   V2:   0   busy:   0   ready:00
index:    1   T:   4   T1:   0   T2:   0   V1:   0   V2:   0   busy:   1   ready:11
index:    2   T:   0   T1:   0   T2:   0   V1:   0   V2:   0   busy:   0   ready:00
index:    3   T:   0   T1:   0   T2:   0   V1:   0   V2:   0   busy:   0   ready:00
------------------------------------------

(MAP_TABLE)	time:         20
------------------------------------------
index:    1   T:   0	  plus:   0
index:    2   T:   2	  plus:   1
index:    3   T:   4	  plus:   0
index:    4   T:   0	  plus:   0
------------------------------------------

(CDB)	time:         20
------------------------------------------
T:   0	  V:   0
FU_ready:1111	  FU_req:0000	    gnt:0000
------------------------------------------

(ROB_TABLE) h:  4, t:  5	time:         20
------------------------------------------
index:    1   r:   0   V:   0
index:    2   r:   0   V:   0
index:    3   r:   0   V:   0
index:    4   r:   3   V:   0
index:    5   r:   0   V:   0
index:    6   r:   0   V:   0
index:    7   r:   0   V:   0

(RETIRE) valid: 1, ROB_T:    3
------------------------------------------        20

(S_X_reg_0)	time:         20
------------------------------------------
PC: 00, INST: 00000000, T: 0, V1: 0, V2: 0, halt: 0, valid: 0

(X_C_reg_0)	time:         20
------------------------------------------
T: 00, result: 00000000, valid: 0
====================================================================================

(IF_ID_reg)	time:         21
------------------------------------------
PC: 10, INST: 00312023
------------------------------------------

(D_S_reg)	time:         21
------------------------------------------
INST: 0
PC: 0
NPC: 0
r: 0
r1: 0
r2: 0
opa_select: 0
opb_select: 0
cond_branch: 0, uncond_branch: 0, alu_func: 0
rs_idx: 0
halt: 0, illegal: 0, csr_op: 0, valid: 0

------------------------------------------

(RS_TABLE)	time:         21
------------------------------------------
index:    0   T:   0   T1:   0   T2:   0   V1:   0   V2:   0   busy:   0   ready:00
index:    1   T:   0   T1:   0   T2:   0   V1:   0   V2:   0   busy:   0   ready:00
index:    2   T:   0   T1:   0   T2:   0   V1:   0   V2:   0   busy:   0   ready:00
index:    3   T:   0   T1:   0   T2:   0   V1:   0   V2:   0   busy:   0   ready:00
------------------------------------------

(MAP_TABLE)	time:         21
------------------------------------------
index:    1   T:   0	  plus:   0
index:    2   T:   2	  plus:   1
index:    3   T:   4	  plus:   0
index:    4   T:   0	  plus:   0
------------------------------------------

(CDB)	time:         21
------------------------------------------
T:   0	  V:   0
FU_ready:1101	  FU_req:0000	    gnt:0000
------------------------------------------

(ROB_TABLE) h:  4, t:  5	time:         21
------------------------------------------
index:    1   r:   0   V:   0
index:    2   r:   0   V:   0
index:    3   r:   0   V:   0
index:    4   r:   3   V:   0
index:    5   r:   0   V:   0
index:    6   r:   0   V:   0
index:    7   r:   0   V:   0

(RETIRE) valid: 0, ROB_T:    0
------------------------------------------        21

(S_X_reg_0)	time:         21
------------------------------------------
PC: 00, INST: 00000000, T: 0, V1: 0, V2: 0, halt: 0, valid: 0

(X_C_reg_0)	time:         21
------------------------------------------
T: 00, result: 00000000, valid: 0
====================================================================================

(IF_ID_reg)	time:         22
------------------------------------------
PC: 00, INST: 00000000
------------------------------------------

(D_S_reg)	time:         22
------------------------------------------
INST: 312023
PC: 10
NPC: 14
r: 0
r1: 2
r2: 0
opa_select: 0
opb_select: 2
cond_branch: 0, uncond_branch: 0, alu_func: 0
rs_idx: 3
halt: 0, illegal: 0, csr_op: 0, valid: 1

------------------------------------------

(RS_TABLE)	time:         22
------------------------------------------
index:    0   T:   0   T1:   0   T2:   0   V1:   0   V2:   0   busy:   0   ready:00
index:    1   T:   0   T1:   0   T2:   0   V1:   0   V2:   0   busy:   0   ready:00
index:    2   T:   0   T1:   0   T2:   0   V1:   0   V2:   0   busy:   0   ready:00
index:    3   T:   0   T1:   0   T2:   0   V1:   0   V2:   0   busy:   0   ready:00
------------------------------------------

(MAP_TABLE)	time:         22
------------------------------------------
index:    1   T:   0	  plus:   0
index:    2   T:   2	  plus:   1
index:    3   T:   4	  plus:   0
index:    4   T:   0	  plus:   0
------------------------------------------

(CDB)	time:         22
------------------------------------------
T:   0	  V:   0
FU_ready:1101	  FU_req:0000	    gnt:0000
------------------------------------------

(ROB_TABLE) h:  4, t:  5	time:         22
------------------------------------------
index:    1   r:   0   V:   0
index:    2   r:   0   V:   0
index:    3   r:   0   V:   0
index:    4   r:   3   V:   0
index:    5   r:   0   V:   0
index:    6   r:   0   V:   0
index:    7   r:   0   V:   0

(RETIRE) valid: 0, ROB_T:    0
------------------------------------------        22

(S_X_reg_0)	time:         22
------------------------------------------
PC: 00, INST: 00000000, T: 0, V1: 0, V2: 0, halt: 0, valid: 0

(X_C_reg_0)	time:         22
------------------------------------------
T: 00, result: 00000000, valid: 0
====================================================================================

(IF_ID_reg)	time:         23
------------------------------------------
PC: 00, INST: 00000000
------------------------------------------

(D_S_reg)	time:         23
------------------------------------------
INST: 0
PC: 0
NPC: 0
r: 0
r1: 0
r2: 0
opa_select: 0
opb_select: 0
cond_branch: 0, uncond_branch: 0, alu_func: 0
rs_idx: 0
halt: 0, illegal: 0, csr_op: 0, valid: 0

------------------------------------------

(RS_TABLE)	time:         23
------------------------------------------
index:    0   T:   0   T1:   0   T2:   0   V1:   0   V2:   0   busy:   0   ready:00
index:    1   T:   0   T1:   0   T2:   0   V1:   0   V2:   0   busy:   0   ready:00
index:    2   T:   0   T1:   0   T2:   0   V1:   0   V2:   0   busy:   0   ready:00
index:    3   T:   0   T1:   0   T2:   0   V1:   0   V2:   0   busy:   0   ready:00
------------------------------------------

(MAP_TABLE)	time:         23
------------------------------------------
index:    1   T:   0	  plus:   0
index:    2   T:   2	  plus:   1
index:    3   T:   4	  plus:   0
index:    4   T:   0	  plus:   0
------------------------------------------

(CDB)	time:         23
------------------------------------------
T:   0	  V:   0
FU_ready:1101	  FU_req:0000	    gnt:0000
------------------------------------------

(ROB_TABLE) h:  4, t:  6	time:         23
------------------------------------------
index:    1   r:   0   V:   0
index:    2   r:   0   V:   0
index:    3   r:   0   V:   0
index:    4   r:   3   V:   0
index:    5   r:   0   V:   0
index:    6   r:   0   V:   0
index:    7   r:   0   V:   0

(RETIRE) valid: 0, ROB_T:    0
------------------------------------------        23

(S_X_reg_0)	time:         23
------------------------------------------
PC: 00, INST: 00000000, T: 0, V1: 0, V2: 0, halt: 0, valid: 0

(X_C_reg_0)	time:         23
------------------------------------------
T: 00, result: 00000000, valid: 0
====================================================================================

(IF_ID_reg)	time:         24
------------------------------------------
PC: 00, INST: 00000000
------------------------------------------

(D_S_reg)	time:         24
------------------------------------------
INST: 0
PC: 0
NPC: 0
r: 0
r1: 0
r2: 0
opa_select: 0
opb_select: 0
cond_branch: 0, uncond_branch: 0, alu_func: 0
rs_idx: 0
halt: 0, illegal: 0, csr_op: 0, valid: 0

------------------------------------------

(RS_TABLE)	time:         24
------------------------------------------
index:    0   T:   0   T1:   0   T2:   0   V1:   0   V2:   0   busy:   0   ready:00
index:    1   T:   0   T1:   0   T2:   0   V1:   0   V2:   0   busy:   0   ready:00
index:    2   T:   0   T1:   0   T2:   0   V1:   0   V2:   0   busy:   0   ready:00
index:    3   T:   5   T1:   0   T2:   0   V1:   0   V2:   0   busy:   1   ready:11
------------------------------------------

(MAP_TABLE)	time:         24
------------------------------------------
index:    1   T:   0	  plus:   0
index:    2   T:   2	  plus:   1
index:    3   T:   4	  plus:   0
index:    4   T:   0	  plus:   0
------------------------------------------

(CDB)	time:         24
------------------------------------------
T:   0	  V:   0
FU_ready:1101	  FU_req:0000	    gnt:0000
------------------------------------------

(ROB_TABLE) h:  4, t:  6	time:         24
------------------------------------------
index:    1   r:   0   V:   0
index:    2   r:   0   V:   0
index:    3   r:   0   V:   0
index:    4   r:   3   V:   0
index:    5   r:   0   V:   0
index:    6   r:   0   V:   0
index:    7   r:   0   V:   0

(RETIRE) valid: 0, ROB_T:    0
------------------------------------------        24

(S_X_reg_0)	time:         24
------------------------------------------
PC: 00, INST: 00000000, T: 0, V1: 0, V2: 0, halt: 0, valid: 0

(X_C_reg_0)	time:         24
------------------------------------------
T: 00, result: 00000000, valid: 0
====================================================================================

(IF_ID_reg)	time:         25
------------------------------------------
PC: 14, INST: 00012203
------------------------------------------

(D_S_reg)	time:         25
------------------------------------------
INST: 0
PC: 0
NPC: 0
r: 0
r1: 0
r2: 0
opa_select: 0
opb_select: 0
cond_branch: 0, uncond_branch: 0, alu_func: 0
rs_idx: 0
halt: 0, illegal: 0, csr_op: 0, valid: 0

------------------------------------------

(RS_TABLE)	time:         25
------------------------------------------
index:    0   T:   0   T1:   0   T2:   0   V1:   0   V2:   0   busy:   0   ready:00
index:    1   T:   0   T1:   0   T2:   0   V1:   0   V2:   0   busy:   0   ready:00
index:    2   T:   0   T1:   0   T2:   0   V1:   0   V2:   0   busy:   0   ready:00
index:    3   T:   0   T1:   0   T2:   0   V1:   0   V2:   0   busy:   0   ready:00
------------------------------------------

(MAP_TABLE)	time:         25
------------------------------------------
index:    1   T:   0	  plus:   0
index:    2   T:   2	  plus:   1
index:    3   T:   4	  plus:   0
index:    4   T:   0	  plus:   0
------------------------------------------

(CDB)	time:         25
------------------------------------------
T:   0	  V:   0
FU_ready:0101	  FU_req:0000	    gnt:0000
------------------------------------------

(ROB_TABLE) h:  4, t:  6	time:         25
------------------------------------------
index:    1   r:   0   V:   0
index:    2   r:   0   V:   0
index:    3   r:   0   V:   0
index:    4   r:   3   V:   0
index:    5   r:   0   V:   0
index:    6   r:   0   V:   0
index:    7   r:   0   V:   0

(RETIRE) valid: 0, ROB_T:    0
------------------------------------------        25

(S_X_reg_0)	time:         25
------------------------------------------
PC: 00, INST: 00000000, T: 0, V1: 0, V2: 0, halt: 0, valid: 0

(X_C_reg_0)	time:         25
------------------------------------------
T: 00, result: 00000000, valid: 0
====================================================================================

(IF_ID_reg)	time:         26
------------------------------------------
PC: 00, INST: 00000000
------------------------------------------

(D_S_reg)	time:         26
------------------------------------------
INST: 12203
PC: 14
NPC: 18
r: 4
r1: 2
r2: 0
opa_select: 0
opb_select: 1
cond_branch: 0, uncond_branch: 0, alu_func: 0
rs_idx: 2
halt: 0, illegal: 0, csr_op: 0, valid: 1

------------------------------------------

(RS_TABLE)	time:         26
------------------------------------------
index:    0   T:   0   T1:   0   T2:   0   V1:   0   V2:   0   busy:   0   ready:00
index:    1   T:   0   T1:   0   T2:   0   V1:   0   V2:   0   busy:   0   ready:00
index:    2   T:   0   T1:   0   T2:   0   V1:   0   V2:   0   busy:   0   ready:00
index:    3   T:   0   T1:   0   T2:   0   V1:   0   V2:   0   busy:   0   ready:00
------------------------------------------

(MAP_TABLE)	time:         26
------------------------------------------
index:    1   T:   0	  plus:   0
index:    2   T:   2	  plus:   1
index:    3   T:   4	  plus:   0
index:    4   T:   0	  plus:   0
------------------------------------------

(CDB)	time:         26
------------------------------------------
T:   0	  V:   0
FU_ready:0101	  FU_req:0010	    gnt:0010
------------------------------------------

(ROB_TABLE) h:  4, t:  6	time:         26
------------------------------------------
index:    1   r:   0   V:   0
index:    2   r:   0   V:   0
index:    3   r:   0   V:   0
index:    4   r:   3   V:   0
index:    5   r:   0   V:   0
index:    6   r:   0   V:   0
index:    7   r:   0   V:   0

(RETIRE) valid: 0, ROB_T:    0
------------------------------------------        26

(S_X_reg_0)	time:         26
------------------------------------------
PC: 00, INST: 00000000, T: 0, V1: 0, V2: 0, halt: 0, valid: 0

(X_C_reg_0)	time:         26
------------------------------------------
T: 00, result: 00000000, valid: 0
====================================================================================

(IF_ID_reg)	time:         27
------------------------------------------
PC: 00, INST: 00000000
------------------------------------------

(D_S_reg)	time:         27
------------------------------------------
INST: 0
PC: 0
NPC: 0
r: 0
r1: 0
r2: 0
opa_select: 0
opb_select: 0
cond_branch: 0, uncond_branch: 0, alu_func: 0
rs_idx: 0
halt: 0, illegal: 0, csr_op: 0, valid: 0

------------------------------------------

(RS_TABLE)	time:         27
------------------------------------------
index:    0   T:   0   T1:   0   T2:   0   V1:   0   V2:   0   busy:   0   ready:11
index:    1   T:   0   T1:   0   T2:   0   V1:   0   V2:   0   busy:   0   ready:11
index:    2   T:   0   T1:   0   T2:   0   V1:   0   V2:   0   busy:   0   ready:11
index:    3   T:   0   T1:   0   T2:   0   V1:   0   V2:   0   busy:   0   ready:11
------------------------------------------

(MAP_TABLE)	time:         27
------------------------------------------
index:    1   T:   0	  plus:   1
index:    2   T:   2	  plus:   1
index:    3   T:   4	  plus:   0
index:    4   T:   6	  plus:   1
------------------------------------------

(CDB)	time:         27
------------------------------------------
T:   0	  V:   0
FU_ready:0111	  FU_req:0000	    gnt:0000
------------------------------------------

(ROB_TABLE) h:  4, t:  7	time:         27
------------------------------------------
index:    1   r:   0   V:   0
index:    2   r:   0   V:   0
index:    3   r:   0   V:   0
index:    4   r:   3   V:   0
index:    5   r:   0   V:   0
index:    6   r:   4   V:   0
index:    7   r:   0   V:   0

(RETIRE) valid: 0, ROB_T:    0
------------------------------------------        27

(S_X_reg_0)	time:         27
------------------------------------------
PC: 00, INST: 00000000, T: 0, V1: 0, V2: 0, halt: 0, valid: 0

(X_C_reg_0)	time:         27
------------------------------------------
T: 00, result: 00000000, valid: 0
====================================================================================

(IF_ID_reg)	time:         28
------------------------------------------
PC: 00, INST: 00000000
------------------------------------------

(D_S_reg)	time:         28
------------------------------------------
INST: 0
PC: 0
NPC: 0
r: 0
r1: 0
r2: 0
opa_select: 0
opb_select: 0
cond_branch: 0, uncond_branch: 0, alu_func: 0
rs_idx: 0
halt: 0, illegal: 0, csr_op: 0, valid: 0

------------------------------------------

(RS_TABLE)	time:         28
------------------------------------------
index:    0   T:   0   T1:   0   T2:   0   V1:   0   V2:   0   busy:   0   ready:00
index:    1   T:   0   T1:   0   T2:   0   V1:   0   V2:   0   busy:   0   ready:00
index:    2   T:   6   T1:   0   T2:   0   V1:   0   V2:   0   busy:   0   ready:11
index:    3   T:   0   T1:   0   T2:   0   V1:   0   V2:   0   busy:   0   ready:11
------------------------------------------

(MAP_TABLE)	time:         28
------------------------------------------
index:    1   T:   0	  plus:   1
index:    2   T:   2	  plus:   1
index:    3   T:   4	  plus:   0
index:    4   T:   6	  plus:   1
------------------------------------------

(CDB)	time:         28
------------------------------------------
T:   0	  V:   0
FU_ready:0000	  FU_req:0000	    gnt:0000
------------------------------------------

(ROB_TABLE) h:  4, t:  7	time:         28
------------------------------------------
index:    1   r:   0   V:   0
index:    2   r:   0   V:   0
index:    3   r:   0   V:   0
index:    4   r:   3   V:   0
index:    5   r:   0   V:   0
index:    6   r:   4   V:   0
index:    7   r:   0   V:   0

(RETIRE) valid: 0, ROB_T:    0
------------------------------------------        28

(S_X_reg_0)	time:         28
------------------------------------------
PC: 00, INST: 00000000, T: 0, V1: 0, V2: 0, halt: 0, valid: 1

(X_C_reg_0)	time:         28
------------------------------------------
T: 00, result: 00000000, valid: 0
====================================================================================

(IF_ID_reg)	time:         29
------------------------------------------
PC: 18, INST: 10412023
------------------------------------------

(D_S_reg)	time:         29
------------------------------------------
INST: 0
PC: 0
NPC: 0
r: 0
r1: 0
r2: 0
opa_select: 0
opb_select: 0
cond_branch: 0, uncond_branch: 0, alu_func: 0
rs_idx: 0
halt: 0, illegal: 0, csr_op: 0, valid: 0

------------------------------------------

(RS_TABLE)	time:         29
------------------------------------------
index:    0   T:   0   T1:   0   T2:   0   V1:   0   V2:   0   busy:   0   ready:00
index:    1   T:   0   T1:   0   T2:   0   V1:   0   V2:   0   busy:   0   ready:00
index:    2   T:   6   T1:   0   T2:   0   V1:   0   V2:   0   busy:   0   ready:11
index:    3   T:   0   T1:   0   T2:   0   V1:   0   V2:   0   busy:   0   ready:11
------------------------------------------

(MAP_TABLE)	time:         29
------------------------------------------
index:    1   T:   0	  plus:   1
index:    2   T:   2	  plus:   1
index:    3   T:   4	  plus:   0
index:    4   T:   6	  plus:   1
------------------------------------------

(CDB)	time:         29
------------------------------------------
T:   0	  V:   0
FU_ready:0000	  FU_req:0001	    gnt:0001
------------------------------------------

(ROB_TABLE) h:  4, t:  7	time:         29
------------------------------------------
index:    1   r:   0   V:   0
index:    2   r:   0   V:   0
index:    3   r:   0   V:   0
index:    4   r:   3   V:   0
index:    5   r:   0   V:   0
index:    6   r:   4   V:   0
index:    7   r:   0   V:   0

(RETIRE) valid: 0, ROB_T:    0
------------------------------------------        29

(S_X_reg_0)	time:         29
------------------------------------------
PC: 00, INST: 00000000, T: 0, V1: 0, V2: 0, halt: 0, valid: 0

(X_C_reg_0)	time:         29
------------------------------------------
T: 00, result: 00000000, valid: 1
====================================================================================

(IF_ID_reg)	time:         30
------------------------------------------
PC: 00, INST: 00000000
------------------------------------------

(D_S_reg)	time:         30
------------------------------------------
INST: 10412023
PC: 18
NPC: 1c
r: 0
r1: 2
r2: 0
opa_select: 0
opb_select: 2
cond_branch: 0, uncond_branch: 0, alu_func: 0
rs_idx: 3
halt: 0, illegal: 0, csr_op: 0, valid: 1

------------------------------------------

(RS_TABLE)	time:         30
------------------------------------------
index:    0   T:   0   T1:   0   T2:   0   V1:   0   V2:   0   busy:   0   ready:11
index:    1   T:   0   T1:   0   T2:   0   V1:   0   V2:   0   busy:   0   ready:11
index:    2   T:   6   T1:   0   T2:   0   V1:   0   V2:   0   busy:   0   ready:11
index:    3   T:   0   T1:   0   T2:   0   V1:   0   V2:   0   busy:   0   ready:11
------------------------------------------

(MAP_TABLE)	time:         30
------------------------------------------
index:    1   T:   0	  plus:   1
index:    2   T:   2	  plus:   1
index:    3   T:   4	  plus:   0
index:    4   T:   6	  plus:   1
------------------------------------------

(CDB)	time:         30
------------------------------------------
T:   0	  V:   0
FU_ready:0001	  FU_req:0000	    gnt:0000
------------------------------------------

(ROB_TABLE) h:  4, t:  7	time:         30
------------------------------------------
index:    1   r:   0   V:   0
index:    2   r:   0   V:   0
index:    3   r:   0   V:   0
index:    4   r:   3   V:   0
index:    5   r:   0   V:   0
index:    6   r:   4   V:   0
index:    7   r:   0   V:   0

(RETIRE) valid: 0, ROB_T:    0
------------------------------------------        30

(S_X_reg_0)	time:         30
------------------------------------------
PC: 00, INST: 00000000, T: 0, V1: 0, V2: 0, halt: 0, valid: 0

(X_C_reg_0)	time:         30
------------------------------------------
T: 00, result: 00000000, valid: 0
====================================================================================

(IF_ID_reg)	time:         31
------------------------------------------
PC: 00, INST: 00000000
------------------------------------------

(D_S_reg)	time:         31
------------------------------------------
INST: 0
PC: 0
NPC: 0
r: 0
r1: 0
r2: 0
opa_select: 0
opb_select: 0
cond_branch: 0, uncond_branch: 0, alu_func: 0
rs_idx: 0
halt: 0, illegal: 0, csr_op: 0, valid: 0

------------------------------------------

(RS_TABLE)	time:         31
------------------------------------------
index:    0   T:   0   T1:   0   T2:   0   V1:   0   V2:   0   busy:   0   ready:00
index:    1   T:   0   T1:   0   T2:   0   V1:   0   V2:   0   busy:   0   ready:11
index:    2   T:   6   T1:   0   T2:   0   V1:   0   V2:   0   busy:   0   ready:11
index:    3   T:   0   T1:   0   T2:   0   V1:   0   V2:   0   busy:   0   ready:11
------------------------------------------

(MAP_TABLE)	time:         31
------------------------------------------
index:    1   T:   0	  plus:   1
index:    2   T:   2	  plus:   1
index:    3   T:   4	  plus:   0
index:    4   T:   6	  plus:   1
------------------------------------------

(CDB)	time:         31
------------------------------------------
T:   0	  V:   0
FU_ready:0000	  FU_req:0000	    gnt:0000
------------------------------------------

(ROB_TABLE) h:  4, t:  8	time:         31
------------------------------------------
index:    1   r:   0   V:   0
index:    2   r:   0   V:   0
index:    3   r:   0   V:   0
index:    4   r:   3   V:   0
index:    5   r:   0   V:   0
index:    6   r:   4   V:   0
index:    7   r:   0   V:   0

(RETIRE) valid: 0, ROB_T:    0
------------------------------------------        31

(S_X_reg_0)	time:         31
------------------------------------------
PC: 00, INST: 00000000, T: 0, V1: 0, V2: 0, halt: 0, valid: 1

(X_C_reg_0)	time:         31
------------------------------------------
T: 00, result: 00000000, valid: 0
====================================================================================

(IF_ID_reg)	time:         32
------------------------------------------
PC: 00, INST: 00000000
------------------------------------------

(D_S_reg)	time:         32
------------------------------------------
INST: 0
PC: 0
NPC: 0
r: 0
r1: 0
r2: 0
opa_select: 0
opb_select: 0
cond_branch: 0, uncond_branch: 0, alu_func: 0
rs_idx: 0
halt: 0, illegal: 0, csr_op: 0, valid: 0

------------------------------------------

(RS_TABLE)	time:         32
------------------------------------------
index:    0   T:   0   T1:   0   T2:   0   V1:   0   V2:   0   busy:   0   ready:00
index:    1   T:   0   T1:   0   T2:   0   V1:   0   V2:   0   busy:   0   ready:11
index:    2   T:   6   T1:   0   T2:   0   V1:   0   V2:   0   busy:   0   ready:11
index:    3   T:   7   T1:   0   T2:   0   V1:   0   V2:         x   busy:   1   ready:11
------------------------------------------

(MAP_TABLE)	time:         32
------------------------------------------
index:    1   T:   0	  plus:   1
index:    2   T:   2	  plus:   1
index:    3   T:   4	  plus:   0
index:    4   T:   6	  plus:   1
------------------------------------------

(CDB)	time:         32
------------------------------------------
T:   0	  V:   0
FU_ready:0000	  FU_req:0001	    gnt:0001
------------------------------------------

(ROB_TABLE) h:  4, t:  8	time:         32
------------------------------------------
index:    1   r:   0   V:   0
index:    2   r:   0   V:   0
index:    3   r:   0   V:   0
index:    4   r:   3   V:   0
index:    5   r:   0   V:   0
index:    6   r:   4   V:   0
index:    7   r:   0   V:   0

(RETIRE) valid: 0, ROB_T:    0
------------------------------------------        32

(S_X_reg_0)	time:         32
------------------------------------------
PC: 00, INST: 00000000, T: 0, V1: 0, V2: 0, halt: 0, valid: 0

(X_C_reg_0)	time:         32
------------------------------------------
T: 00, result: 00000000, valid: 1
====================================================================================

(IF_ID_reg)	time:         33
------------------------------------------
PC: 1c, INST: 00810113
------------------------------------------

(D_S_reg)	time:         33
------------------------------------------
INST: 0
PC: 0
NPC: 0
r: 0
r1: 0
r2: 0
opa_select: 0
opb_select: 0
cond_branch: 0, uncond_branch: 0, alu_func: 0
rs_idx: 0
halt: 0, illegal: 0, csr_op: 0, valid: 0

------------------------------------------

(RS_TABLE)	time:         33
------------------------------------------
index:    0   T:   0   T1:   0   T2:   0   V1:   0   V2:   0   busy:   0   ready:11
index:    1   T:   0   T1:   0   T2:   0   V1:   0   V2:   0   busy:   0   ready:11
index:    2   T:   6   T1:   0   T2:   0   V1:   0   V2:   0   busy:   0   ready:11
index:    3   T:   7   T1:   0   T2:   0   V1:   0   V2:   0   busy:   1   ready:11
------------------------------------------

(MAP_TABLE)	time:         33
------------------------------------------
index:    1   T:   0	  plus:   1
index:    2   T:   2	  plus:   1
index:    3   T:   4	  plus:   0
index:    4   T:   6	  plus:   1
------------------------------------------

(CDB)	time:         33
------------------------------------------
T:   0	  V:   0
FU_ready:0001	  FU_req:0010	    gnt:0010
------------------------------------------

(ROB_TABLE) h:  4, t:  8	time:         33
------------------------------------------
index:    1   r:   0   V:   0
index:    2   r:   0   V:   0
index:    3   r:   0   V:   0
index:    4   r:   3   V:   0
index:    5   r:   0   V:   0
index:    6   r:   4   V:   0
index:    7   r:   0   V:   0

(RETIRE) valid: 0, ROB_T:    0
------------------------------------------        33

(S_X_reg_0)	time:         33
------------------------------------------
PC: 00, INST: 00000000, T: 0, V1: 0, V2: 0, halt: 0, valid: 0

(X_C_reg_0)	time:         33
------------------------------------------
T: 00, result: 00000000, valid: 0
====================================================================================

(IF_ID_reg)	time:         34
------------------------------------------
PC: 00, INST: 00000000
------------------------------------------

(D_S_reg)	time:         34
------------------------------------------
INST: 810113
PC: 1c
NPC: 20
r: 2
r1: 2
r2: 0
opa_select: 0
opb_select: 1
cond_branch: 0, uncond_branch: 0, alu_func: 0
rs_idx: 0
halt: 0, illegal: 0, csr_op: 0, valid: 1

------------------------------------------

(RS_TABLE)	time:         34
------------------------------------------
index:    0   T:   0   T1:   0   T2:   0   V1:   0   V2:   0   busy:   0   ready:11
index:    1   T:   0   T1:   0   T2:   0   V1:   0   V2:   0   busy:   0   ready:11
index:    2   T:   6   T1:   0   T2:   0   V1:   0   V2:   0   busy:   0   ready:11
index:    3   T:   7   T1:   0   T2:   0   V1:   0   V2:   0   busy:   1   ready:11
------------------------------------------

(MAP_TABLE)	time:         34
------------------------------------------
index:    1   T:   0	  plus:   1
index:    2   T:   2	  plus:   1
index:    3   T:   4	  plus:   0
index:    4   T:   6	  plus:   1
------------------------------------------

(CDB)	time:         34
------------------------------------------
T:   0	  V:   0
FU_ready:0010	  FU_req:0000	    gnt:0000
------------------------------------------

(ROB_TABLE) h:  4, t:  8	time:         34
------------------------------------------
index:    1   r:   0   V:   0
index:    2   r:   0   V:   0
index:    3   r:   0   V:   0
index:    4   r:   3   V:   0
index:    5   r:   0   V:   0
index:    6   r:   4   V:   0
index:    7   r:   0   V:   0

(RETIRE) valid: 0, ROB_T:    0
------------------------------------------        34

(S_X_reg_0)	time:         34
------------------------------------------
PC: 00, INST: 00000000, T: 0, V1: 0, V2: 0, halt: 0, valid: 1

(X_C_reg_0)	time:         34
------------------------------------------
T: 00, result: 00000000, valid: 0
====================================================================================

(IF_ID_reg)	time:         35
------------------------------------------
PC: 00, INST: 00000000
------------------------------------------

(D_S_reg)	time:         35
------------------------------------------
INST: 0
PC: 0
NPC: 0
r: 0
r1: 0
r2: 0
opa_select: 0
opb_select: 0
cond_branch: 0, uncond_branch: 0, alu_func: 0
rs_idx: 0
halt: 0, illegal: 0, csr_op: 0, valid: 0

------------------------------------------

(RS_TABLE)	time:         35
------------------------------------------
index:    0   T:   0   T1:   0   T2:   0   V1:   0   V2:   0   busy:   0   ready:11
index:    1   T:   0   T1:   0   T2:   0   V1:   0   V2:   0   busy:   0   ready:00
index:    2   T:   6   T1:   0   T2:   0   V1:   0   V2:   0   busy:   0   ready:11
index:    3   T:   7   T1:   0   T2:   0   V1:   0   V2:   0   busy:   1   ready:11
------------------------------------------

(MAP_TABLE)	time:         35
------------------------------------------
index:    1   T:   0	  plus:   1
index:    2   T:   8	  plus:   0
index:    3   T:   4	  plus:   0
index:    4   T:   6	  plus:   1
------------------------------------------

(CDB)	time:         35
------------------------------------------
T:   0	  V:   0
FU_ready:0000	  FU_req:0001	    gnt:0001
------------------------------------------

(ROB_TABLE) h:  4, t:  9	time:         35
------------------------------------------
index:    1   r:   0   V:   0
index:    2   r:   0   V:   0
index:    3   r:   0   V:   0
index:    4   r:   3   V:   0
index:    5   r:   0   V:   0
index:    6   r:   4   V:   0
index:    7   r:   0   V:   0

(RETIRE) valid: 0, ROB_T:    0
------------------------------------------        35

(S_X_reg_0)	time:         35
------------------------------------------
PC: 00, INST: 00000000, T: 0, V1: 0, V2: 0, halt: 0, valid: 0

(X_C_reg_0)	time:         35
------------------------------------------
T: 00, result: 00000000, valid: 1
====================================================================================

(IF_ID_reg)	time:         36
------------------------------------------
PC: 00, INST: 00000000
------------------------------------------

(D_S_reg)	time:         36
------------------------------------------
INST: 0
PC: 0
NPC: 0
r: 0
r1: 0
r2: 0
opa_select: 0
opb_select: 0
cond_branch: 0, uncond_branch: 0, alu_func: 0
rs_idx: 0
halt: 0, illegal: 0, csr_op: 0, valid: 0

------------------------------------------

(RS_TABLE)	time:         36
------------------------------------------
index:    0   T:   8   T1:   0   T2:   0   V1:   0   V2:   0   busy:   1   ready:11
index:    1   T:   0   T1:   0   T2:   0   V1:   0   V2:   0   busy:   0   ready:11
index:    2   T:   6   T1:   0   T2:   0   V1:   0   V2:   0   busy:   0   ready:11
index:    3   T:   7   T1:   0   T2:   0   V1:   0   V2:   0   busy:   1   ready:11
------------------------------------------

(MAP_TABLE)	time:         36
------------------------------------------
index:    1   T:   0	  plus:   1
index:    2   T:   8	  plus:   0
index:    3   T:   4	  plus:   0
index:    4   T:   6	  plus:   1
------------------------------------------

(CDB)	time:         36
------------------------------------------
T:   0	  V:   0
FU_ready:0001	  FU_req:0000	    gnt:0000
------------------------------------------

(ROB_TABLE) h:  4, t:  9	time:         36
------------------------------------------
index:    1   r:   0   V:   0
index:    2   r:   0   V:   0
index:    3   r:   0   V:   0
index:    4   r:   3   V:   0
index:    5   r:   0   V:   0
index:    6   r:   4   V:   0
index:    7   r:   0   V:   0

(RETIRE) valid: 0, ROB_T:    0
------------------------------------------        36

(S_X_reg_0)	time:         36
------------------------------------------
PC: 00, INST: 00000000, T: 0, V1: 0, V2: 0, halt: 0, valid: 0

(X_C_reg_0)	time:         36
------------------------------------------
T: 00, result: 00000000, valid: 0
====================================================================================

(IF_ID_reg)	time:         37
------------------------------------------
PC: 20, INST: 00130313
------------------------------------------

(D_S_reg)	time:         37
------------------------------------------
INST: 0
PC: 0
NPC: 0
r: 0
r1: 0
r2: 0
opa_select: 0
opb_select: 0
cond_branch: 0, uncond_branch: 0, alu_func: 0
rs_idx: 0
halt: 0, illegal: 0, csr_op: 0, valid: 0

------------------------------------------

(RS_TABLE)	time:         37
------------------------------------------
index:    0   T:   0   T1:   0   T2:   0   V1:   0   V2:   0   busy:   0   ready:00
index:    1   T:   0   T1:   0   T2:   0   V1:   0   V2:   0   busy:   0   ready:11
index:    2   T:   6   T1:   0   T2:   0   V1:   0   V2:   0   busy:   0   ready:11
index:    3   T:   7   T1:   0   T2:   0   V1:   0   V2:   0   busy:   1   ready:11
------------------------------------------

(MAP_TABLE)	time:         37
------------------------------------------
index:    1   T:   0	  plus:   1
index:    2   T:   8	  plus:   0
index:    3   T:   4	  plus:   0
index:    4   T:   6	  plus:   1
------------------------------------------

(CDB)	time:         37
------------------------------------------
T:   0	  V:   0
FU_ready:0000	  FU_req:0000	    gnt:0000
------------------------------------------

(ROB_TABLE) h:  4, t:  9	time:         37
------------------------------------------
index:    1   r:   0   V:   0
index:    2   r:   0   V:   0
index:    3   r:   0   V:   0
index:    4   r:   3   V:   0
index:    5   r:   0   V:   0
index:    6   r:   4   V:   0
index:    7   r:   0   V:   0

(RETIRE) valid: 0, ROB_T:    0
------------------------------------------        37

(S_X_reg_0)	time:         37
------------------------------------------
PC: 1c, INST: 00810113, T: 8, V1: 0, V2: 0, halt: 0, valid: 1

(X_C_reg_0)	time:         37
------------------------------------------
T: 00, result: 00000000, valid: 0
====================================================================================

(IF_ID_reg)	time:         38
------------------------------------------
PC: 00, INST: 00000000
------------------------------------------

(D_S_reg)	time:         38
------------------------------------------
INST: 130313
PC: 20
NPC: 24
r: 6
r1: 6
r2: 0
opa_select: 0
opb_select: 1
cond_branch: 0, uncond_branch: 0, alu_func: 0
rs_idx: 0
halt: 0, illegal: 0, csr_op: 0, valid: 1

------------------------------------------

(RS_TABLE)	time:         38
------------------------------------------
index:    0   T:   0   T1:   0   T2:   0   V1:   0   V2:   0   busy:   0   ready:00
index:    1   T:   0   T1:   0   T2:   0   V1:   0   V2:   0   busy:   0   ready:11
index:    2   T:   6   T1:   0   T2:   0   V1:   0   V2:   0   busy:   0   ready:11
index:    3   T:   7   T1:   0   T2:   0   V1:   0   V2:   0   busy:   1   ready:11
------------------------------------------

(MAP_TABLE)	time:         38
------------------------------------------
index:    1   T:   0	  plus:   1
index:    2   T:   8	  plus:   0
index:    3   T:   4	  plus:   0
index:    4   T:   6	  plus:   1
------------------------------------------

(CDB)	time:         38
------------------------------------------
T:   8	  V:   8
FU_ready:0000	  FU_req:0001	    gnt:0001
------------------------------------------

(ROB_TABLE) h:  4, t:  9	time:         38
------------------------------------------
index:    1   r:   0   V:   0
index:    2   r:   0   V:   0
index:    3   r:   0   V:   0
index:    4   r:   3   V:   0
index:    5   r:   0   V:   0
index:    6   r:   4   V:   0
index:    7   r:   0   V:   0

(RETIRE) valid: 0, ROB_T:    0
------------------------------------------        38

(S_X_reg_0)	time:         38
------------------------------------------
PC: 00, INST: 00000000, T: 0, V1: 0, V2: 0, halt: 0, valid: 0

(X_C_reg_0)	time:         38
------------------------------------------
T: 08, result: 00000008, valid: 1
====================================================================================

(IF_ID_reg)	time:         39
------------------------------------------
PC: 00, INST: 00000000
------------------------------------------

(D_S_reg)	time:         39
------------------------------------------
INST: 0
PC: 0
NPC: 0
r: 0
r1: 0
r2: 0
opa_select: 0
opb_select: 0
cond_branch: 0, uncond_branch: 0, alu_func: 0
rs_idx: 0
halt: 0, illegal: 0, csr_op: 0, valid: 0

------------------------------------------

(RS_TABLE)	time:         39
------------------------------------------
index:    0   T:   0   T1:   0   T2:   0   V1:   0   V2:   0   busy:   0   ready:00
index:    1   T:   0   T1:   0   T2:   0   V1:   0   V2:   0   busy:   0   ready:11
index:    2   T:   6   T1:   0   T2:   0   V1:   0   V2:   0   busy:   0   ready:11
index:    3   T:   7   T1:   0   T2:   0   V1:   0   V2:   0   busy:   1   ready:11
------------------------------------------

(MAP_TABLE)	time:         39
------------------------------------------
index:    1   T:   0	  plus:   1
index:    2   T:   8	  plus:   1
index:    3   T:   4	  plus:   0
index:    4   T:   6	  plus:   1
------------------------------------------

(CDB)	time:         39
------------------------------------------
T:   0	  V:   0
FU_ready:0001	  FU_req:0000	    gnt:0000
------------------------------------------

(ROB_TABLE) h:  4, t: 10	time:         39
------------------------------------------
index:    1   r:   0   V:   0
index:    2   r:   0   V:   0
index:    3   r:   0   V:   0
index:    4   r:   3   V:   0
index:    5   r:   0   V:   0
index:    6   r:   4   V:   0
index:    7   r:   0   V:   0

(RETIRE) valid: 0, ROB_T:    0
------------------------------------------        39

(S_X_reg_0)	time:         39
------------------------------------------
PC: 00, INST: 00000000, T: 0, V1: 0, V2: 0, halt: 0, valid: 0

(X_C_reg_0)	time:         39
------------------------------------------
T: 00, result: 00000000, valid: 0
====================================================================================

(IF_ID_reg)	time:         40
------------------------------------------
PC: 00, INST: 00000000
------------------------------------------

(D_S_reg)	time:         40
------------------------------------------
INST: 0
PC: 0
NPC: 0
r: 0
r1: 0
r2: 0
opa_select: 0
opb_select: 0
cond_branch: 0, uncond_branch: 0, alu_func: 0
rs_idx: 0
halt: 0, illegal: 0, csr_op: 0, valid: 0

------------------------------------------

(RS_TABLE)	time:         40
------------------------------------------
index:    0   T:   9   T1:   0   T2:   0   V1:   0   V2:   0   busy:   1   ready:11
index:    1   T:   0   T1:   0   T2:   0   V1:   0   V2:   0   busy:   0   ready:11
index:    2   T:   6   T1:   0   T2:   0   V1:   0   V2:   0   busy:   0   ready:11
index:    3   T:   7   T1:   0   T2:   0   V1:   0   V2:   0   busy:   1   ready:11
------------------------------------------

(MAP_TABLE)	time:         40
------------------------------------------
index:    1   T:   0	  plus:   1
index:    2   T:   8	  plus:   1
index:    3   T:   4	  plus:   0
index:    4   T:   6	  plus:   1
------------------------------------------

(CDB)	time:         40
------------------------------------------
T:   0	  V:   0
FU_ready:0001	  FU_req:0010	    gnt:0010
------------------------------------------

(ROB_TABLE) h:  4, t: 10	time:         40
------------------------------------------
index:    1   r:   0   V:   0
index:    2   r:   0   V:   0
index:    3   r:   0   V:   0
index:    4   r:   3   V:   0
index:    5   r:   0   V:   0
index:    6   r:   4   V:   0
index:    7   r:   0   V:   0

(RETIRE) valid: 0, ROB_T:    0
------------------------------------------        40

(S_X_reg_0)	time:         40
------------------------------------------
PC: 00, INST: 00000000, T: 0, V1: 0, V2: 0, halt: 0, valid: 0

(X_C_reg_0)	time:         40
------------------------------------------
T: 00, result: 00000000, valid: 0
====================================================================================

(IF_ID_reg)	time:         41
------------------------------------------
PC: 24, INST: 01032293
------------------------------------------

(D_S_reg)	time:         41
------------------------------------------
INST: 0
PC: 0
NPC: 0
r: 0
r1: 0
r2: 0
opa_select: 0
opb_select: 0
cond_branch: 0, uncond_branch: 0, alu_func: 0
rs_idx: 0
halt: 0, illegal: 0, csr_op: 0, valid: 0

------------------------------------------

(RS_TABLE)	time:         41
------------------------------------------
index:    0   T:   0   T1:   0   T2:   0   V1:   0   V2:   0   busy:   0   ready:11
index:    1   T:   0   T1:   0   T2:   0   V1:   0   V2:   0   busy:   0   ready:11
index:    2   T:   6   T1:   0   T2:   0   V1:   0   V2:   0   busy:   0   ready:11
index:    3   T:   7   T1:   0   T2:   0   V1:   0   V2:   0   busy:   1   ready:11
------------------------------------------

(MAP_TABLE)	time:         41
------------------------------------------
index:    1   T:   0	  plus:   1
index:    2   T:   8	  plus:   1
index:    3   T:   4	  plus:   0
index:    4   T:   6	  plus:   1
------------------------------------------

(CDB)	time:         41
------------------------------------------
T:   0	  V:   0
FU_ready:0010	  FU_req:0000	    gnt:0000
------------------------------------------

(ROB_TABLE) h:  4, t: 10	time:         41
------------------------------------------
index:    1   r:   0   V:   0
index:    2   r:   0   V:   0
index:    3   r:   0   V:   0
index:    4   r:   3   V:   0
index:    5   r:   0   V:   0
index:    6   r:   4   V:   0
index:    7   r:   0   V:   0

(RETIRE) valid: 0, ROB_T:    0
------------------------------------------        41

(S_X_reg_0)	time:         41
------------------------------------------
PC: 20, INST: 00130313, T: 9, V1: 0, V2: 0, halt: 0, valid: 1

(X_C_reg_0)	time:         41
------------------------------------------
T: 00, result: 00000000, valid: 0
====================================================================================

(IF_ID_reg)	time:         42
------------------------------------------
PC: 00, INST: 00000000
------------------------------------------

(D_S_reg)	time:         42
------------------------------------------
INST: 1032293
PC: 24
NPC: 28
r: 5
r1: 6
r2: 0
opa_select: 0
opb_select: 1
cond_branch: 0, uncond_branch: 0, alu_func: 2
rs_idx: 0
halt: 0, illegal: 0, csr_op: 0, valid: 1

------------------------------------------

(RS_TABLE)	time:         42
------------------------------------------
index:    0   T:   0   T1:   0   T2:   0   V1:   0   V2:   0   busy:   0   ready:11
index:    1   T:   0   T1:   0   T2:   0   V1:   0   V2:   0   busy:   0   ready:00
index:    2   T:   6   T1:   0   T2:   0   V1:   0   V2:   0   busy:   0   ready:11
index:    3   T:   7   T1:   0   T2:   0   V1:   0   V2:   0   busy:   1   ready:11
------------------------------------------

(MAP_TABLE)	time:         42
------------------------------------------
index:    1   T:   0	  plus:   1
index:    2   T:   8	  plus:   1
index:    3   T:   4	  plus:   0
index:    4   T:   6	  plus:   1
------------------------------------------

(CDB)	time:         42
------------------------------------------
T:   9	  V:   1
FU_ready:0000	  FU_req:0001	    gnt:0001
------------------------------------------

(ROB_TABLE) h:  4, t: 10	time:         42
------------------------------------------
index:    1   r:   0   V:   0
index:    2   r:   0   V:   0
index:    3   r:   0   V:   0
index:    4   r:   3   V:   0
index:    5   r:   0   V:   0
index:    6   r:   4   V:   0
index:    7   r:   0   V:   0

(RETIRE) valid: 0, ROB_T:    0
------------------------------------------        42

(S_X_reg_0)	time:         42
------------------------------------------
PC: 00, INST: 00000000, T: 0, V1: 0, V2: 0, halt: 0, valid: 0

(X_C_reg_0)	time:         42
------------------------------------------
T: 09, result: 00000001, valid: 1
====================================================================================

(IF_ID_reg)	time:         43
------------------------------------------
PC: 00, INST: 00000000
------------------------------------------

(D_S_reg)	time:         43
------------------------------------------
INST: 0
PC: 0
NPC: 0
r: 0
r1: 0
r2: 0
opa_select: 0
opb_select: 0
cond_branch: 0, uncond_branch: 0, alu_func: 0
rs_idx: 0
halt: 0, illegal: 0, csr_op: 0, valid: 0

------------------------------------------

(RS_TABLE)	time:         43
------------------------------------------
index:    0   T:   0   T1:   0   T2:   0   V1:   0   V2:   0   busy:   0   ready:11
index:    1   T:   0   T1:   0   T2:   0   V1:   0   V2:   0   busy:   0   ready:00
index:    2   T:   6   T1:   0   T2:   0   V1:   0   V2:   0   busy:   0   ready:11
index:    3   T:   7   T1:   0   T2:   0   V1:   0   V2:   0   busy:   1   ready:11
------------------------------------------

(MAP_TABLE)	time:         43
------------------------------------------
index:    1   T:   0	  plus:   1
index:    2   T:   8	  plus:   1
index:    3   T:   4	  plus:   0
index:    4   T:   6	  plus:   1
------------------------------------------

(CDB)	time:         43
------------------------------------------
T:   0	  V:   0
FU_ready:0001	  FU_req:0000	    gnt:0000
------------------------------------------

(ROB_TABLE) h:  4, t: 11	time:         43
------------------------------------------
index:    1   r:   0   V:   0
index:    2   r:   0   V:   0
index:    3   r:   0   V:   0
index:    4   r:   3   V:   0
index:    5   r:   0   V:   0
index:    6   r:   4   V:   0
index:    7   r:   0   V:   0

(RETIRE) valid: 0, ROB_T:    0
------------------------------------------        43

(S_X_reg_0)	time:         43
------------------------------------------
PC: 00, INST: 00000000, T: 0, V1: 0, V2: 0, halt: 0, valid: 0

(X_C_reg_0)	time:         43
------------------------------------------
T: 00, result: 00000000, valid: 0
====================================================================================

(IF_ID_reg)	time:         44
------------------------------------------
PC: 00, INST: 00000000
------------------------------------------

(D_S_reg)	time:         44
------------------------------------------
INST: 0
PC: 0
NPC: 0
r: 0
r1: 0
r2: 0
opa_select: 0
opb_select: 0
cond_branch: 0, uncond_branch: 0, alu_func: 0
rs_idx: 0
halt: 0, illegal: 0, csr_op: 0, valid: 0

------------------------------------------

(RS_TABLE)	time:         44
------------------------------------------
index:    0   T:  10   T1:   0   T2:   0   V1:   0   V2:   0   busy:   0   ready:11
index:    1   T:   0   T1:   0   T2:   0   V1:   0   V2:   0   busy:   0   ready:00
index:    2   T:   6   T1:   0   T2:   0   V1:   0   V2:   0   busy:   0   ready:11
index:    3   T:   7   T1:   0   T2:   0   V1:   0   V2:   0   busy:   1   ready:11
------------------------------------------

(MAP_TABLE)	time:         44
------------------------------------------
index:    1   T:   0	  plus:   1
index:    2   T:   8	  plus:   1
index:    3   T:   4	  plus:   0
index:    4   T:   6	  plus:   1
------------------------------------------

(CDB)	time:         44
------------------------------------------
T:   0	  V:   0
FU_ready:0000	  FU_req:0000	    gnt:0000
------------------------------------------

(ROB_TABLE) h:  4, t: 11	time:         44
------------------------------------------
index:    1   r:   0   V:   0
index:    2   r:   0   V:   0
index:    3   r:   0   V:   0
index:    4   r:   3   V:   0
index:    5   r:   0   V:   0
index:    6   r:   4   V:   0
index:    7   r:   0   V:   0

(RETIRE) valid: 0, ROB_T:    0
------------------------------------------        44

(S_X_reg_0)	time:         44
------------------------------------------
PC: 00, INST: 00000000, T: 0, V1: 0, V2: 0, halt: 0, valid: 1

(X_C_reg_0)	time:         44
------------------------------------------
T: 00, result: 00000000, valid: 0
====================================================================================

(IF_ID_reg)	time:         45
------------------------------------------
PC: 28, INST: fe0292e3
------------------------------------------

(D_S_reg)	time:         45
------------------------------------------
INST: 0
PC: 0
NPC: 0
r: 0
r1: 0
r2: 0
opa_select: 0
opb_select: 0
cond_branch: 0, uncond_branch: 0, alu_func: 0
rs_idx: 0
halt: 0, illegal: 0, csr_op: 0, valid: 0

------------------------------------------

(RS_TABLE)	time:         45
------------------------------------------
index:    0   T:  10   T1:   0   T2:   0   V1:   0   V2:   0   busy:   0   ready:11
index:    1   T:   0   T1:   0   T2:   0   V1:   0   V2:   0   busy:   0   ready:00
index:    2   T:   6   T1:   0   T2:   0   V1:   0   V2:   0   busy:   0   ready:11
index:    3   T:   7   T1:   0   T2:   0   V1:   0   V2:   0   busy:   1   ready:11
------------------------------------------

(MAP_TABLE)	time:         45
------------------------------------------
index:    1   T:   0	  plus:   1
index:    2   T:   8	  plus:   1
index:    3   T:   4	  plus:   0
index:    4   T:   6	  plus:   1
------------------------------------------

(CDB)	time:         45
------------------------------------------
T:   0	  V:   0
FU_ready:0000	  FU_req:0001	    gnt:0001
------------------------------------------

(ROB_TABLE) h:  4, t: 11	time:         45
------------------------------------------
index:    1   r:   0   V:   0
index:    2   r:   0   V:   0
index:    3   r:   0   V:   0
index:    4   r:   3   V:   0
index:    5   r:   0   V:   0
index:    6   r:   4   V:   0
index:    7   r:   0   V:   0

(RETIRE) valid: 0, ROB_T:    0
------------------------------------------        45

(S_X_reg_0)	time:         45
------------------------------------------
PC: 00, INST: 00000000, T: 0, V1: 0, V2: 0, halt: 0, valid: 0

(X_C_reg_0)	time:         45
------------------------------------------
T: 00, result: 00000000, valid: 1
====================================================================================

(IF_ID_reg)	time:         46
------------------------------------------
PC: 00, INST: 00000000
------------------------------------------

(D_S_reg)	time:         46
------------------------------------------
INST: fe0292e3
PC: 28
NPC: 2c
r: 0
r1: 5
r2: 0
opa_select: 2
opb_select: 3
cond_branch: 1, uncond_branch: 0, alu_func: 0
rs_idx: 0
halt: 0, illegal: 0, csr_op: 0, valid: 1

------------------------------------------

(RS_TABLE)	time:         46
------------------------------------------
index:    0   T:  10   T1:   0   T2:   0   V1:   0   V2:   0   busy:   0   ready:11
index:    1   T:   0   T1:   0   T2:   0   V1:   0   V2:   0   busy:   0   ready:11
index:    2   T:   6   T1:   0   T2:   0   V1:   0   V2:   0   busy:   0   ready:11
index:    3   T:   7   T1:   0   T2:   0   V1:   0   V2:   0   busy:   1   ready:11
------------------------------------------

(MAP_TABLE)	time:         46
------------------------------------------
index:    1   T:   0	  plus:   1
index:    2   T:   8	  plus:   1
index:    3   T:   4	  plus:   0
index:    4   T:   6	  plus:   1
------------------------------------------

(CDB)	time:         46
------------------------------------------
T:   0	  V:   0
FU_ready:0001	  FU_req:0000	    gnt:0000
------------------------------------------

(ROB_TABLE) h:  4, t: 11	time:         46
------------------------------------------
index:    1   r:   0   V:   0
index:    2   r:   0   V:   0
index:    3   r:   0   V:   0
index:    4   r:   3   V:   0
index:    5   r:   0   V:   0
index:    6   r:   4   V:   0
index:    7   r:   0   V:   0

(RETIRE) valid: 0, ROB_T:    0
------------------------------------------        46

(S_X_reg_0)	time:         46
------------------------------------------
PC: 00, INST: 00000000, T: 0, V1: 0, V2: 0, halt: 0, valid: 0

(X_C_reg_0)	time:         46
------------------------------------------
T: 00, result: 00000000, valid: 0
====================================================================================

(IF_ID_reg)	time:         47
------------------------------------------
PC: 00, INST: 00000000
------------------------------------------

(D_S_reg)	time:         47
------------------------------------------
INST: 0
PC: 0
NPC: 0
r: 0
r1: 0
r2: 0
opa_select: 0
opb_select: 0
cond_branch: 0, uncond_branch: 0, alu_func: 0
rs_idx: 0
halt: 0, illegal: 0, csr_op: 0, valid: 0

------------------------------------------

(RS_TABLE)	time:         47
------------------------------------------
index:    0   T:   0   T1:   0   T2:   0   V1:   0   V2:   0   busy:   0   ready:00
index:    1   T:   0   T1:   0   T2:   0   V1:   0   V2:   0   busy:   0   ready:11
index:    2   T:   6   T1:   0   T2:   0   V1:   0   V2:   0   busy:   0   ready:11
index:    3   T:   7   T1:   0   T2:   0   V1:   0   V2:   0   busy:   1   ready:11
------------------------------------------

(MAP_TABLE)	time:         47
------------------------------------------
index:    1   T:   0	  plus:   1
index:    2   T:   8	  plus:   1
index:    3   T:   4	  plus:   0
index:    4   T:   6	  plus:   1
------------------------------------------

(CDB)	time:         47
------------------------------------------
T:   0	  V:   0
FU_ready:0000	  FU_req:0010	    gnt:0010
------------------------------------------

(ROB_TABLE) h:  4, t: 12	time:         47
------------------------------------------
index:    1   r:   0   V:   0
index:    2   r:   0   V:   0
index:    3   r:   0   V:   0
index:    4   r:   3   V:   0
index:    5   r:   0   V:   0
index:    6   r:   4   V:   0
index:    7   r:   0   V:   0

(RETIRE) valid: 0, ROB_T:    0
------------------------------------------        47

(S_X_reg_0)	time:         47
------------------------------------------
PC: 24, INST: 01032293, T: a, V1: 0, V2: 0, halt: 0, valid: 1

(X_C_reg_0)	time:         47
------------------------------------------
T: 00, result: 00000000, valid: 0
====================================================================================

(IF_ID_reg)	time:         48
------------------------------------------
PC: 00, INST: 00000000
------------------------------------------

(D_S_reg)	time:         48
------------------------------------------
INST: 0
PC: 0
NPC: 0
r: 0
r1: 0
r2: 0
opa_select: 0
opb_select: 0
cond_branch: 0, uncond_branch: 0, alu_func: 0
rs_idx: 0
halt: 0, illegal: 0, csr_op: 0, valid: 0

------------------------------------------

(RS_TABLE)	time:         48
------------------------------------------
index:    0   T:  11   T1:   0   T2:   0   V1:   0   V2:   0   busy:   1   ready:11
index:    1   T:   0   T1:   0   T2:   0   V1:   0   V2:   0   busy:   0   ready:11
index:    2   T:   6   T1:   0   T2:   0   V1:   0   V2:   0   busy:   0   ready:11
index:    3   T:   7   T1:   0   T2:   0   V1:   0   V2:   0   busy:   1   ready:11
------------------------------------------

(MAP_TABLE)	time:         48
------------------------------------------
index:    1   T:   0	  plus:   1
index:    2   T:   8	  plus:   1
index:    3   T:   4	  plus:   0
index:    4   T:   6	  plus:   1
------------------------------------------

(CDB)	time:         48
------------------------------------------
T:  10	  V:   1
FU_ready:0010	  FU_req:0001	    gnt:0001
------------------------------------------

(ROB_TABLE) h:  4, t: 12	time:         48
------------------------------------------
index:    1   r:   0   V:   0
index:    2   r:   0   V:   0
index:    3   r:   0   V:   0
index:    4   r:   3   V:   0
index:    5   r:   0   V:   0
index:    6   r:   4   V:   0
index:    7   r:   0   V:   0

(RETIRE) valid: 0, ROB_T:    0
------------------------------------------        48

(S_X_reg_0)	time:         48
------------------------------------------
PC: 00, INST: 00000000, T: 0, V1: 0, V2: 0, halt: 0, valid: 0

(X_C_reg_0)	time:         48
------------------------------------------
T: 0a, result: 00000001, valid: 1
====================================================================================

(IF_ID_reg)	time:         49
------------------------------------------
PC: 2c, INST: 10500073
------------------------------------------

(D_S_reg)	time:         49
------------------------------------------
INST: 0
PC: 0
NPC: 0
r: 0
r1: 0
r2: 0
opa_select: 0
opb_select: 0
cond_branch: 0, uncond_branch: 0, alu_func: 0
rs_idx: 0
halt: 0, illegal: 0, csr_op: 0, valid: 0

------------------------------------------

(RS_TABLE)	time:         49
------------------------------------------
index:    0   T:  11   T1:   0   T2:   0   V1:   0   V2:   0   busy:   1   ready:11
index:    1   T:   0   T1:   0   T2:   0   V1:   0   V2:   0   busy:   0   ready:00
index:    2   T:   6   T1:   0   T2:   0   V1:   0   V2:   0   busy:   0   ready:11
index:    3   T:   7   T1:   0   T2:   0   V1:   0   V2:   0   busy:   1   ready:11
------------------------------------------

(MAP_TABLE)	time:         49
------------------------------------------
index:    1   T:   0	  plus:   1
index:    2   T:   8	  plus:   1
index:    3   T:   4	  plus:   0
index:    4   T:   6	  plus:   1
------------------------------------------

(CDB)	time:         49
------------------------------------------
T:   0	  V:   0
FU_ready:0001	  FU_req:0000	    gnt:0000
------------------------------------------

(ROB_TABLE) h:  4, t: 12	time:         49
------------------------------------------
index:    1   r:   0   V:   0
index:    2   r:   0   V:   0
index:    3   r:   0   V:   0
index:    4   r:   3   V:   0
index:    5   r:   0   V:   0
index:    6   r:   4   V:   0
index:    7   r:   0   V:   0

(RETIRE) valid: 0, ROB_T:    0
------------------------------------------        49

(S_X_reg_0)	time:         49
------------------------------------------
PC: 00, INST: 00000000, T: 0, V1: 0, V2: 0, halt: 0, valid: 0

(X_C_reg_0)	time:         49
------------------------------------------
T: 00, result: 00000000, valid: 0
====================================================================================

(IF_ID_reg)	time:         50
------------------------------------------
PC: 00, INST: 00000000
------------------------------------------

(D_S_reg)	time:         50
------------------------------------------
INST: 10500073
PC: 2c
NPC: 30
r: 0
r1: 0
r2: 5
opa_select: 0
opb_select: 0
cond_branch: 0, uncond_branch: 0, alu_func: 0
rs_idx: 0
halt: 1, illegal: 0, csr_op: 0, valid: 1

------------------------------------------

(RS_TABLE)	time:         50
------------------------------------------
index:    0   T:   0   T1:   0   T2:   0   V1:   0   V2:   0   busy:   0   ready:00
index:    1   T:   0   T1:   0   T2:   0   V1:   0   V2:   0   busy:   0   ready:00
index:    2   T:   6   T1:   0   T2:   0   V1:   0   V2:   0   busy:   0   ready:11
index:    3   T:   7   T1:   0   T2:   0   V1:   0   V2:   0   busy:   1   ready:11
------------------------------------------

(MAP_TABLE)	time:         50
------------------------------------------
index:    1   T:   0	  plus:   1
index:    2   T:   8	  plus:   1
index:    3   T:   4	  plus:   0
index:    4   T:   6	  plus:   1
------------------------------------------

(CDB)	time:         50
------------------------------------------
T:   0	  V:   0
FU_ready:0000	  FU_req:0000	    gnt:0000
------------------------------------------

(ROB_TABLE) h:  4, t: 12	time:         50
------------------------------------------
index:    1   r:   0   V:   0
index:    2   r:   0   V:   0
index:    3   r:   0   V:   0
index:    4   r:   3   V:   0
index:    5   r:   0   V:   0
index:    6   r:   4   V:   0
index:    7   r:   0   V:   0

(RETIRE) valid: 0, ROB_T:    0
------------------------------------------        50

(S_X_reg_0)	time:         50
------------------------------------------
PC: 28, INST: fe0292e3, T: b, V1: 0, V2: 0, halt: 0, valid: 1

(X_C_reg_0)	time:         50
------------------------------------------
T: 00, result: 00000000, valid: 0
r00: xxxxxxxx
r01: xxxxxxxx
r02: 00001000
r03: xxxxxxxx
r04: xxxxxxxx
r05: xxxxxxxx
r06: xxxxxxxx
r07: xxxxxxxx
r08: xxxxxxxx
r09: xxxxxxxx
r10: xxxxxxxx
r11: xxxxxxxx
r12: xxxxxxxx
r13: xxxxxxxx
r14: xxxxxxxx
r15: xxxxxxxx
r16: xxxxxxxx
r17: xxxxxxxx
r18: xxxxxxxx
r19: xxxxxxxx
r20: xxxxxxxx
r21: xxxxxxxx
r22: xxxxxxxx
r23: xxxxxxxx
r24: xxxxxxxx
r25: xxxxxxxx
r26: xxxxxxxx
r27: xxxxxxxx
r28: xxxxxxxx
r29: xxxxxxxx
r30: xxxxxxxx
r31: xxxxxxxx
@@@ Unified Memory contents hex on left, decimal on right: 
@@@
@@@ mem[    0] = 0000113700000313 : 18927920874259
@@@ mem[    8] = 03f301b300a00f93 : 284573069775736723
@@@ mem[   16] = 0001220300312023 : 318871260176419
@@@ mem[   24] = 0081011310412023 : 36311453384384547
@@@ mem[   32] = 0103229300130313 : 72940033724842771
@@@ mem[   40] = 10500073fe0292e3 : 1175440000926520035
@@@
@@@
@@                192520 : System halted
@@
@@@ System halted on unknown error code a
@@@
@@
@@  52 cycles / 3 instrs = 17.333333 CPI
@@
@@  17850.00 ns total time to execute
@@

$finish called from file "test/pipeline_test.sv", line 369.
$finish at simulation time               193520
           V C S   S i m u l a t i o n   R e p o r t 
Time: 19352000 ps
CPU Time:      0.180 seconds;       Data structure size:   0.2Mb
Wed Apr  2 20:02:19 2025
