Info: [VCS_SAVE_RESTORE_INFO] ASLR (Address Space Layout Randomization) is detected on the machine. To enable $save functionality, ASLR will be switched off and simv re-executed.
Please use '-no_save' simv switch to avoid re-execution or '-suppress=ASLR_DETECTED_INFO' to suppress this message.
Chronologic VCS simulator copyright 1991-2023
Contains Synopsys proprietary information.
Compiler version U-2023.03-SP2-1_Full64; Runtime version U-2023.03-SP2-1_Full64;  May  1 21:39 2025
Loading memory file: programs/evens.mem
Using writeback output file: output/evens.syn.wb
@@
@@
@@                     0  Asserting System reset......
@@
@@                     0 : System STILL at reset, can't show anything
@@
@@
@@                130000 : System STILL at reset, can't show anything
@@
@@
@@                260000 : System STILL at reset, can't show anything
@@
@@
@@                390000 : System STILL at reset, can't show anything
@@
@@                455100  Deasserting System reset......
@@
@@
@@@ Unified Memory contents hex on left, decimal on right: 
@@@
@@@ mem[    0] = 0000123700000193 : 20027432501651
@@@ mem[    8] = 000f96630011ff93 : 4387476597768083
@@@ mem[   16] = 0082021300322023 : 36594027603304483
@@@ mem[   24] = 0101a11300118193 : 72516171992236435
@@@ mem[   32] = 10500073fe0114e3 : 1175440000926422243
@@@
@@@ mem[ 4104] = 0000000000000002 : 2
@@@ mem[ 4112] = 0000000000000004 : 4
@@@ mem[ 4120] = 0000000000000006 : 6
@@@ mem[ 4128] = 0000000000000008 : 8
@@@ mem[ 4136] = 000000000000000a : 10
@@@ mem[ 4144] = 000000000000000c : 12
@@@ mem[ 4152] = 000000000000000e : 14
@@@
@@@
@@              54990200 : System halted
@@
@@@ System halted on WFI instruction
@@@
@@
@@  420 cycles / 98 instrs = 4.285714 CPI
@@
@@  544700.00 ns total time to execute
@@

$finish called from file "test/pipeline_test.sv", line 478.
$finish at simulation time             55000200
           V C S   S i m u l a t i o n   R e p o r t 
Time: 550002000 ps
CPU Time:      1.410 seconds;       Data structure size:  12.5Mb
Thu May  1 21:40:01 2025
