Info: [VCS_SAVE_RESTORE_INFO] ASLR (Address Space Layout Randomization) is detected on the machine. To enable $save functionality, ASLR will be switched off and simv re-executed.
Please use '-no_save' simv switch to avoid re-execution or '-suppress=ASLR_DETECTED_INFO' to suppress this message.
Chronologic VCS simulator copyright 1991-2023
Contains Synopsys proprietary information.
Compiler version U-2023.03-SP2-1_Full64; Runtime version U-2023.03-SP2-1_Full64;  Apr 15 19:27 2025
Loading memory file: programs/fib.mem
Using writeback output file: output/fib.wb
@@
@@
@@                     0  Asserting System reset......
@@
@@                     0 : System STILL at reset, can't show anything
@@
@@
@@                  3500 : System STILL at reset, can't show anything
@@
@@
@@                  7000 : System STILL at reset, can't show anything
@@
@@
@@                 10500 : System STILL at reset, can't show anything
@@
@@                 12260  Deasserting System reset......
@@
@@
@@@ Unified Memory contents hex on left, decimal on right: 
@@@
@@@ mem[    0] = 000012b700001237 : 20577188319799
@@@ mem[    8] = 0000133700828293 : 21126952682131
@@@ mem[   16] = 0020051301030313 : 9012778434233107
@@@ mem[   24] = 0022202300100113 : 9605483905155347
@@@ mem[   32] = 000221030022a023 : 599246724309027
@@@ mem[   40] = 002181b30002a183 : 9431280030753155
@@@ mem[   48] = 0082829300820213 : 36735314852708883
@@@ mem[   56] = 0105259300150513 : 73506282213278995
@@@ mem[   64] = 0083031300332023 : 36876602091708451
@@@ mem[   72] = 10500073fc059ee3 : 1175440000893165283
@@@
@@@
@@           52500017520 : System halted
@@
@@@ System halted on unknown error code x
@@@
@@
@@  15000002 cycles / 0 instrs = inf CPI
@@
@@  5250000350.00 ns total time to execute
@@

$finish called from file "test/pipeline_test.sv", line 420.
$finish at simulation time          52500018520
           V C S   S i m u l a t i o n   R e p o r t 
Time: 5250001852000 ps
CPU Time:     25.630 seconds;       Data structure size:   0.2Mb
Tue Apr 15 19:27:41 2025
