Info: [VCS_SAVE_RESTORE_INFO] ASLR (Address Space Layout Randomization) is detected on the machine. To enable $save functionality, ASLR will be switched off and simv re-executed.
Please use '-no_save' simv switch to avoid re-execution or '-suppress=ASLR_DETECTED_INFO' to suppress this message.
Chronologic VCS simulator copyright 1991-2023
Contains Synopsys proprietary information.
Compiler version U-2023.03-SP2-1_Full64; Runtime version U-2023.03-SP2-1_Full64;  May  3 17:35 2025
Loading memory file: programs/haha.mem
Using writeback output file: output/haha.wb
@@
@@
@@                     0  Asserting System reset......
@@
@@                     0 : System STILL at reset, can't show anything
@@
@@
@@                  3500 : System STILL at reset, can't show anything
@@
@@
@@                  7000 : System STILL at reset, can't show anything
@@
@@
@@                 10500 : System STILL at reset, can't show anything
@@
@@                 12260  Deasserting System reset......
@@
@@
@@@ Unified Memory contents hex on left, decimal on right: 
@@@
@@@ mem[    0] = 0000051300000013 : 5579162517523
@@@ mem[    8] = 01a58593000035b7 : 118647831601886647
@@@ mem[   16] = 0000113715600613 : 18928279488019
@@@ mem[   24] = 00b1202380010113 : 49856407721279763
@@@ mem[   32] = 00a6053300410113 : 46730562739699987
@@@ mem[   40] = 00a1202300b60533 : 45352805958288691
@@@ mem[   48] = 00012503ff010113 : 322174070096147
@@@ mem[   56] = 0000001340a60533 : 82689000755
@@@ mem[   64] = 1050007300000013 : 1175439996664938515
@@@ mem[   72] = 0000001300000013 : 81604378643
@@@
@@@ mem[ 2048] = 000031700000301a : 54357106110490
@@@
@@@
@@                399020 : System halted
@@
@@@ System halted on WFI instruction
@@@
@@
@@  111 cycles / 17 instrs = 6.529412 CPI
@@
@@  38500.00 ns total time to execute
@@

$finish called from file "test/pipeline_test.sv", line 420.
$finish at simulation time               400020
           V C S   S i m u l a t i o n   R e p o r t 
Time: 40002000 ps
CPU Time:      0.290 seconds;       Data structure size:   0.2Mb
Sat May  3 17:35:15 2025
