Info: [VCS_SAVE_RESTORE_INFO] ASLR (Address Space Layout Randomization) is detected on the machine. To enable $save functionality, ASLR will be switched off and simv re-executed.
Please use '-no_save' simv switch to avoid re-execution or '-suppress=ASLR_DETECTED_INFO' to suppress this message.
Chronologic VCS simulator copyright 1991-2023
Contains Synopsys proprietary information.
Compiler version U-2023.03-SP2-1_Full64; Runtime version U-2023.03-SP2-1_Full64;  May  1 21:39 2025
Loading memory file: programs/halt.mem
Using writeback output file: output/halt.syn.wb
@@
@@
@@                     0  Asserting System reset......
@@
@@                     0 : System STILL at reset, can't show anything
@@
@@
@@                130000 : System STILL at reset, can't show anything
@@
@@
@@                260000 : System STILL at reset, can't show anything
@@
@@
@@                390000 : System STILL at reset, can't show anything
@@
@@                455100  Deasserting System reset......
@@
@@
@@@ Unified Memory contents hex on left, decimal on right: 
@@@
@@@ mem[    0] = 0000000010500073 : 273678451
@@@
@@@
@@               1820200 : System halted
@@
@@@ System halted on WFI instruction
@@@
@@
@@  11 cycles / 0 instrs = inf CPI
@@
@@  13000.00 ns total time to execute
@@

$finish called from file "test/pipeline_test.sv", line 478.
$finish at simulation time              1830200
           V C S   S i m u l a t i o n   R e p o r t 
Time: 18302000 ps
CPU Time:      0.600 seconds;       Data structure size:  12.5Mb
Thu May  1 21:40:01 2025
