Info: [VCS_SAVE_RESTORE_INFO] ASLR (Address Space Layout Randomization) is detected on the machine. To enable $save functionality, ASLR will be switched off and simv re-executed.
Please use '-no_save' simv switch to avoid re-execution or '-suppress=ASLR_DETECTED_INFO' to suppress this message.
Chronologic VCS simulator copyright 1991-2023
Contains Synopsys proprietary information.
Compiler version U-2023.03-SP2-1_Full64; Runtime version U-2023.03-SP2-1_Full64;  May  1 21:39 2025
Loading memory file: programs/mult_no_lsq.mem
Using writeback output file: output/mult_no_lsq.syn.wb
@@
@@
@@                     0  Asserting System reset......
@@
@@                     0 : System STILL at reset, can't show anything
@@
@@
@@                130000 : System STILL at reset, can't show anything
@@
@@
@@                260000 : System STILL at reset, can't show anything
@@
@@
@@                390000 : System STILL at reset, can't show anything
@@
@@                455100  Deasserting System reset......
@@
@@
@@@ Unified Memory contents hex on left, decimal on right: 
@@@
@@@ mem[    0] = 000021b700800113 : 37069871120659
@@@ mem[    8] = 010191937bb18193 : 72499131636089235
@@@ mem[   16] = ee608093000030b7 : 17176870347639632055
@@@ mem[   24] = 000010b70011e1b3 : 18378166231475
@@@ mem[   32] = 00c1919387b08093 : 54484733327868051
@@@ mem[   40] = 0b0000930011e1b3 : 792634165778571699
@@@ mem[   48] = 0011e1b300c19193 : 5033233532162451
@@@ mem[   56] = 008191930fd00093 : 36470332807184531
@@@ mem[   64] = 000012370011e1b3 : 20027433673139
@@@ mem[   72] = 00c21213b5020213 : 54626021332353555
@@@ mem[   80] = 001262334f300093 : 5174522092191891
@@@ mem[   88] = 0042121302d00093 : 18597221323767955
@@@ mem[   96] = 0000029300126233 : 2830384652851
@@@ mem[  104] = 0102a31300128293 : 72799845992268435
@@@ mem[  112] = 004585b3023105b3 : 19568777275442611
@@@ mem[  120] = 0046063302358633 : 19710064519906867
@@@ mem[  128] = 004686b3023606b3 : 19851351764108979
@@@ mem[  136] = 0041013302368133 : 18297192078278963
@@@ mem[  144] = 010656130105d593 : 73841083519718803
@@@ mem[  152] = 010157130106d693 : 72434808147859091
@@@ mem[  160] = fc0312e301008093 : 18159378888671658131
@@@ mem[  168] = 0000000010500073 : 273678451
@@@
@@@
@@             117130200 : System halted
@@
@@@ System halted on WFI instruction
@@@
@@
@@  898 cycles / 282 instrs = 3.184397 CPI
@@
@@  1166100.00 ns total time to execute
@@

$finish called from file "test/pipeline_test.sv", line 478.
$finish at simulation time            117140200
           V C S   S i m u l a t i o n   R e p o r t 
Time: 1171402000 ps
CPU Time:      2.760 seconds;       Data structure size:  12.5Mb
Thu May  1 21:40:05 2025
