Info: [VCS_SAVE_RESTORE_INFO] ASLR (Address Space Layout Randomization) is detected on the machine. To enable $save functionality, ASLR will be switched off and simv re-executed.
Please use '-no_save' simv switch to avoid re-execution or '-suppress=ASLR_DETECTED_INFO' to suppress this message.
Chronologic VCS simulator copyright 1991-2023
Contains Synopsys proprietary information.
Compiler version U-2023.03-SP2-1_Full64; Runtime version U-2023.03-SP2-1_Full64;  Apr 15 19:41 2025
Loading memory file: programs/no_hazard.mem
Using writeback output file: output/no_hazard.wb
@@
@@
@@                     0  Asserting System reset......
@@
@@                     0 : System STILL at reset, can't show anything
@@
@@
@@                  3500 : System STILL at reset, can't show anything
@@
@@
@@                  7000 : System STILL at reset, can't show anything
@@
@@
@@                 10500 : System STILL at reset, can't show anything
@@
@@                 12260  Deasserting System reset......
@@
@@
@@@ Unified Memory contents hex on left, decimal on right: 
@@@
@@@ mem[    0] = 1050007300100093 : 1175439996665987219
@@@
@@@
@@                 70020 : System halted
@@
@@@ System halted on WFI instruction
@@@
@@
@@  17 cycles / 1 instrs = 17.000000 CPI
@@
@@  5600.00 ns total time to execute
@@

$finish called from file "test/pipeline_test.sv", line 420.
$finish at simulation time                71020
           V C S   S i m u l a t i o n   R e p o r t 
Time: 7102000 ps
CPU Time:      0.190 seconds;       Data structure size:   0.2Mb
Tue Apr 15 19:41:40 2025
