Info: [VCS_SAVE_RESTORE_INFO] ASLR (Address Space Layout Randomization) is detected on the machine. To enable $save functionality, ASLR will be switched off and simv re-executed.
Please use '-no_save' simv switch to avoid re-execution or '-suppress=ASLR_DETECTED_INFO' to suppress this message.
Chronologic VCS simulator copyright 1991-2023
Contains Synopsys proprietary information.
Compiler version U-2023.03-SP2-1_Full64; Runtime version U-2023.03-SP2-1_Full64;  May  1 21:14 2025
Loading memory file: programs/raw_program.mem
Using writeback output file: output/raw_program.wb
@@
@@
@@                     0  Asserting System reset......
@@
@@                     0 : System STILL at reset, can't show anything
@@
@@
@@                 15000 : System STILL at reset, can't show anything
@@
@@
@@                 30000 : System STILL at reset, can't show anything
@@
@@
@@                 45000 : System STILL at reset, can't show anything
@@
@@                 52510  Deasserting System reset......
@@
@@
@@@ Unified Memory contents hex on left, decimal on right: 
@@@
@@@ mem[    0] = 0020819300100093 : 9149667615965331
@@@ mem[    8] = 1050007300318133 : 1175439996668182835
@@@
@@@
@@                315020 : System halted
@@
@@@ System halted on WFI instruction
@@@
@@
@@  18 cycles / 3 instrs = 6.000000 CPI
@@
@@  25500.00 ns total time to execute
@@

$finish called from file "test/pipeline_test.sv", line 478.
$finish at simulation time               316020
           V C S   S i m u l a t i o n   R e p o r t 
Time: 31602000 ps
CPU Time:      0.190 seconds;       Data structure size:   0.2Mb
Thu May  1 21:14:27 2025
