Info: [VCS_SAVE_RESTORE_INFO] ASLR (Address Space Layout Randomization) is detected on the machine. To enable $save functionality, ASLR will be switched off and simv re-executed.
Please use '-no_save' simv switch to avoid re-execution or '-suppress=ASLR_DETECTED_INFO' to suppress this message.
Chronologic VCS simulator copyright 1991-2023
Contains Synopsys proprietary information.
Compiler version U-2023.03-SP2-1_Full64; Runtime version U-2023.03-SP2-1_Full64;  Apr 24 11:59 2025
ROB testbench starting...
@@@ Passed: Single dispatch
@@@ Passed: Fill ROB
@@@ Passed: Commit multiple
@@@ Passed: Simultaneous dispatch + commit
@@@ Passed: In-order enforced with middle CDB
@@@ Passed: Wraparound logic
@@@ Passed: Mispredict-triggered flush

@@@ ALL ROB TESTS PASSED SUCCESSFULLY!

$finish called from file "test/rob_test.sv", line 343.
$finish at simulation time                17750
           V C S   S i m u l a t i o n   R e p o r t 
Time: 1775000 ps
CPU Time:      0.300 seconds;       Data structure size:   0.0Mb
Thu Apr 24 11:59:42 2025
