Invoking simulator...

./func_unit_3.simv -sml=verdi +UVM_VERDI_TRACE=UVM_AWARE +fsdb+gate=off -ucli2Proc -ucli
debImport "-i" "-simflow" "-dbdir" "./func_unit_3.simv.daidir"
*Verdi* Loading libsscore_vcs202303.so

FSDB Dumper for VCS, Release Verdi_U-2023.03-SP2-1, Linux x86_64/64bit, 10/11/2023
(C) 1996 - 2023 by Synopsys, Inc.

*Verdi* : Create FSDB file '/homes/user/stud/fall23/das2313/csee4824/csee4824-final-project/inter.fsdb'

*Verdi* : Flush all FSDB Files at 000 ps.

*Verdi* : Enable RPC Server(3868370)

srcTBInvokeSim
Chronologic VCS simulator copyright 1991-2023
Contains Synopsys proprietary information.
Compiler version U-2023.03-SP2-1_Full64; Runtime version U-2023.03-SP2-1_Full64;  Apr  4 11:17 2025
xterm-256color is Not a valid terminal...
Verdi>config keepfuture on
on
Verdi>fsdbDumpvars 1 "testbench.memory"  +all +trace_process;fsdbDumpflush 

*Verdi* : Begin traversing the scope (testbench.memory), layer (1).
*Verdi* : Enable +trace_process and +all dumping.
*Verdi* : End of traversing.
*Verdi* : Flush all FSDB Files at 000 ps.

Verdi>run
@@@
@@@
$finish called from file "test/func_unit_3_test.sv", line 119.
$finish at simulation time                31500
Simulation complete, time is 3150000 ps.
func_unit_3_test.sv, 119 :         $finish;
           V C S   S i m u l a t i o n   R e p o r t 
Time: 3150000 ps
CPU Time:      0.060 seconds;       Data structure size:   0.1Mb
Fri Apr  4 11:19:31 2025
debExit
