Command: /homes/user/stud/fall23/das2313/csee4824/csee4824-final-project/simv +MEMORY=programs/fib.mem +WRITEBACK=/dev/null +PIPELINE=/dev/null +UVM_VERDI_TRACE=UVM_AWARE +fsdb+gate=off -ucli2Proc -ucli -l /homes/user/stud/fall23/das2313/csee4824/csee4824-final-project/verdiLog/sim.log
Chronologic VCS simulator copyright 1991-2023
Contains Synopsys proprietary information.
Compiler version U-2023.03-SP2-1_Full64; Runtime version U-2023.03-SP2-1_Full64;  Apr 15 19:22 2025

ucli% synUtils::getArch
linux64
ucli% loaddl -simv /tools/synopsys/verdi/verdi/U-2023.03-SP2-1/share/PLI/VCS/LINUXAMD64/libnovas.so LoadFSDBDumpCmd;LoadFSDBDumpCmd
LoadFSDBDumpCmd success
ucli% config ckptfsdbcheck off;config endofsim noexit;config onfail {enable all};config followactivescope on;catch {setUcliVerdiConnected};set watch::resultTagsForVerdiBP {<ucli_break_bp_status_begin> <ucli_break_bp_status_end>};set ucliCore::support_restore_through_stask_in_verdi 1;cbug::config pretty_print auto;fsdbDumpfile {/workdir/das2313_csee4824/p4.fsdb} ;fsdbDumpflush ; 
*Verdi* Loading libsscore_vcs202303.so
FSDB Dumper for VCS, Release Verdi_U-2023.03-SP2-1, Linux x86_64/64bit, 10/11/2023
(C) 1996 - 2023 by Synopsys, Inc.
*Verdi* : Create FSDB file '/workdir/das2313_csee4824/p4.fsdb'
*Verdi* : Flush all FSDB Files at 000 ps.

ucli% synEnv::hasFataled
0
ucli% ucliCore::getToolPID
2841029
ucli% sps_interactive
*Verdi* : Enable RPC Server(2841029)

ucli% ucliCore::getToolPID
2841029
ucli% ucliCore::getToolPID
2841029
ucli% if {[catch {ucliCore::setFocus tool}]} {}

ucli% puts $ucliCore::nativeUcliMode
0

ucli% ucliCore::getToolTopPID
2841029
ucli% pid
2841042
ucli% synUtils::sendTool -active {_icl_createSharedMemory /tmp/vcs_dve_general.das2313.2841029 }

ucli% if { [info vars watch::vcbp_str_len_limit_of_get_value] != ""} {set watch::vcbp_str_len_limit_of_get_value 1024}
1024
ucli% info command stateVerdiChangeCB

ucli% proc stateVerdiChangeCB args { if {$ucliGUI::state eq "terminated"} {puts "\n<VERDI_Terminated>\n";catch {setVerdiSimTerminated}}}

ucli% trace variable ucliGUI::state wu stateVerdiChangeCB

ucli% if {[catch {rename synopsys::restore verdiHack::restore} ]} {puts "0"}

ucli% proc synopsys::restore {args} { verdiHack::restore $args; puts "\n<VERDI_RESTORE>\n"}

ucli% if {[catch {rename quit verdiHack::quit} ]} {puts "0"}

ucli% proc quit {args} { if {[string length $args] == 0} { verdiHack::quit; } elseif {([string equal "-h" $args] == 1)||([string equal "-he" $args] == 1)||([string equal "-hel" $args] == 1)||([string equal "-help" $args] == 1)} { puts "\n quit           # Exit the simulation.\n \[-noprompt\]        (Exit the simulation and Verdi.)\n"} elseif {([string equal "-n" $args] == 1)||([string equal "-no" $args] == 1)||([string equal "-nop" $args] == 1)||([string equal "-nopr" $args] == 1)||([string equal "-nopro" $args] == 1)||([string equal "-noprom" $args] == 1)||([string equal "-nopromp" $args] == 1)||([string equal "-noprompt" $args] == 1)} { puts "\nVERDI_EXIT_N\n" } else { verdiHack::quit $args; } }

ucli% if {[catch {rename exit verdiHack::exit} ]} {puts "0"}

ucli% proc exit {args} { if {[string length $args] == 0} { verdiHack::exit; } elseif {([string equal "-h" $args] == 1)||([string equal "-he" $args] == 1)||([string equal "-hel" $args] == 1)||([string equal "-help" $args] == 1)} { puts "\n exit           # Exit the simulation.\n \[-noprompt\]        (Exit the simulation and Verdi.)\n"} elseif {([string equal "-n" $args] == 1)||([string equal "-no" $args] == 1)||([string equal "-nop" $args] == 1)||([string equal "-nopr" $args] == 1)||([string equal "-nopro" $args] == 1)||([string equal "-noprom" $args] == 1)||([string equal "-nopromp" $args] == 1)||([string equal "-noprompt" $args] == 1)} { puts "\nVERDI_EXIT_N\n" } else { verdiHack::exit $args; } }

ucli% proc checkpoint::beforeRecreate {} { sps_interactive }

ucli% if {[catch {ucliCore::setFocus tool}]} {}

ucli% save::getUserdefinedProcs
::stateVerdiChangeCB ::LoadFSDBDumpCmd
ucli% info procs
ipi_get_str fsdbDumpMDAByFile fsdbDumpMDA echo fsdbDumpMemNow fsdbAutoSwitchDumpfile unknown sps_interactive auto_import stat fsdbDumpfile setenv auto_execok pkg_mkIndex stateVerdiChangeCB fsdbDumpSingle proc_body ipi_begin fsdbDumpoff getenv fsdbDumplimit fsdbDumpPattern ipi_handle ipi_get_prop fsdbDumpvarsByFile fsdbDumpMDAInScope lminus ipi_sim_get ls auto_load_index proc_args fsdbAddRuntimeSignal fsdbDumpSC print_message_info ridbDump fsdbDumpSVAoff fsdbSuppress fsdbDumpvars help fsdbDumpMDAOnChange ipi_control auto_qualify fsdbDumpMem tclPkgUnknown printenv ipi_handle_by_name helpdoc fsdbDumpMemInScope fsdbDumpFinish is_true fsdbDumpon sh fsdbQueryInfo LoadFSDBDumpCmd fsdbDumpPSL fsdbDumpSVA ipi_end wrapperSpecmanSn fsdbDumpSVAon fsdbDumpClassObjectByFile is_false auto_load fsdbDumpPSLon ipi_get_int64 fsdbSubstituteHier ipi_get_value ipi_iterate exit fsdbDumpMemInFile tclLog fsdbDumpflush get_unix_variable mem_debug ipi_scan fsdbDumpPSLoff fsdbDumpClassObject fsdbDumpvarsToFile set_unix_variable bgerror fsdbDumpStrength add_group fsdbSwitchDumpfile source add_wave ipi_set_prop unsetenv fsdbDumpvarsES readline fsdbDisplay ipi_handle_free set_group ipi_get quit define_proc_attributes tclPkgSetup fsdbDumpMDANow ipi_init_play_tcl fsdbDumpIO
ucli% info commands
ipi_get_str cchange subst fsdbDumpMDAByFile pwd cshow guiSource fsdbDumpMDA echo fsdbDumpMemNow fsdbAutoSwitchDumpfile ucliConnectToSharedMem unknown ucliIsScriptPauseByVerdi lrange sps_interactive auto_import setVerdiSimTerminated coverage case stat fsdbDumpfile break setenv dump auto_execok msglog linsert pkg_mkIndex dumplist catch stateVerdiChangeCB mpformat fsdbDumpSingle if join detach_sim halt proc_body abortScriptAfterDetachVerdi report_violations which lp_show ipi_begin pause dve_help fsdbDumpoff format getenv listing fsdbDumplimit package binary trace ctimeout onbreak after flush fsdbDumpPattern step restore ipi_handle power continue get_command_option_values force try foreach ipi_get_prop fsdbDumpvarsByFile lrepeat tailcall unset fsdbDumpMDAInScope lminus ipi_sim_get interp write_app_var lindex stack yield ls resetInterruptCount runAfterDetachVerdi eof saif list printvar create_command_group keysFileChangeCB virtual auto_load_index checkpoint proc_args finish fsdbAddRuntimeSignal cgettimeout sexpr lsearch fblocked fsdbDumpSC fanin lappend print_message_info proc cextract ridbDump writelist get_defined_commands cdump fsdbDumpSVAoff fsdbSuppress man set_sig_vas_in_waiting_input fconfigure fsdbDumpvars help fsdbDumpMDAOnChange ipi_control switch auto_qualify fsdbDumpMem mpexpr status tclPkgUnknown close printenv ipi_handle_by_name helpdoc thread lreverse set read fsdbDumpMemInScope initAttachableFile unalias fsdbDumpFinish setVerdiAttachable seek while is_true set_message_info writeKeyLog cbug fsdbDumpon find_forces yieldto sh start_verdi load fsdbQueryInfo memory sn vcsExecFuncInSharedObject cenable history puts gdb loadSharedObject tblog assertion resume _synopsys_cci_unalias socket tell open get_message_ids cadd exec pid stop LoadFSDBDumpCmd unloadSharedObject redirect fsdbDumpPSL throw fsdbDumpSVA ipi_end return ace wrapperSpecmanSn error fsdbDumpSVAon split fsdbDumpClassObjectByFile is_false array ucliAttachedByVerdi vbus get lreplace concat coroutine fcopy update parse_proc_arguments report_app_var run search setUcliVerdiStatus for append auto_load fsdbDumpPSLon ucliLaunchVerdi alias logFileChangeCB scan setUcliVerdiConnected apply abort set_current_command_mode release zlib chan loads _spw_define_proc_attributes ipi_get_int64 onerror print_suppressed_messages scope fileevent fsdbSubstituteHier inputFileChangeCB regexp resultTagsForVerdiCB set_app_var ipi_get_value cdelete upvar ipi_iterate save encoding onfail exit fsdbDumpMemInFile incr tclLog fsdbDumpflush get_message_info get_unix_variable show senv glob mem_debug ipi_scan GUIsource config fsdbDumpPSLoff time eval lassign fsdbDumpClassObject gets fsdbDumpvarsToFile tcl_exit set_unix_variable restart start change llength variable constraints xprop bgerror fsdbDumpStrength call clock info apropos add_group fsdbSwitchDumpfile ucliDetachVerdi source GUI_tcl_shell_puts global tcheck initreg add_wave report_timing ipi_set_prop next drivers cd file lmap unload namespace loaddl unsetenv get_app_var fsdbDumpvarsES suppress_message vwait dict readline fsdbDisplay uplevel ipi_handle_free date set_group lset rename ipi_get quit do unsuppress_message define_proc_attributes error_info tclPkgSetup expr printPromptStr regsub onCheckpointCB csave fsdbDumpMDANow dtl_load ipi_init_play_tcl lsort fsdbDumpIO doFileChangeCB _synopsys_cci_alias writeHistoryLog cdisable string
ucli% set ucliCore::resultTagsForVerdi [list <?special_verdi_begin?> <?special_verdi_end?>]
<?special_verdi_begin?> <?special_verdi_end?>
ucli% if {[catch {ucliCore::setFocus tool}]} {}

ucli% if {[catch {get uvm_pkg.UVM_VERSION_STRING} result] == 0} {puts $result}

ucli% senv hasTB
0
ucli% if {[catch {ucliCore::setFocus tool}]} {}

ucli% config reversedebug
off
ucli% if {[catch {ucliCore::setFocus tool}]} {}

ucli% fsdbDumpflush 
*Verdi* : Flush all FSDB Files at 000 ps.

ucli% checkpoint::executionInPast 
0
ucli% if {[catch {ucliCore::setFocus tool}]} {}

ucli% senv
activeDomain: Verilog
activeFile: test/pipeline_test.sv
activeFrame: 
activeLine: 11
activeScope: testbench
activeThread: 
endCol: 0
file: test/pipeline_test.sv
frame: 
fsdbFilename: 
hasTB: 0
inputFilename: 
keyFilename: ucli.key
line: 11
logFilename: /homes/user/stud/fall23/das2313/csee4824/csee4824-final-project/verdiLog/sim.log
macroIndex: -1
macroOffset: -1
pid: 2841029
scope: testbench
startCol: 0
state: stopped
thread: 
time: 0
timePrecision: 100 ps
vcdFilename: 
vpdFilename:
ucli% synUtils::resolveSourceFilename test/pipeline_test.sv
test/pipeline_test.sv
ucli% puts $::ucliCore::cbug_active
0

ucli% if {[catch {ucliCore::setFocus tool}]} {}

ucli% checkpoint -list -all
There are no checkpoints present.
ucli% if {[catch {ucliCore::setFocus tool}]} {}

ucli% stop
No stop points are set
ucli% if {[catch {ucliCore::setFocus tool}]} {}

ucli% config keepfuture on
on
ucli% synEnv::hasFataled
0
ucli% ucliCore::getToolPID
2841029
ucli% synEnv::isFinished
0
ucli% config reversedebug
off
ucli% config keepfuture
on
ucli% config checkpointgenerate
0
ucli% if {[catch {ucliCore::setFocus tool}]} {}

ucli% fsdbDumpflush 
*Verdi* : Flush all FSDB Files at 000 ps.

ucli% checkpoint::executionInPast 
0
ucli% if {[catch {ucliCore::setFocus tool}]} {}

ucli% senv
activeDomain: Verilog
activeFile: test/pipeline_test.sv
activeFrame: 
activeLine: 11
activeScope: testbench
activeThread: 
endCol: 0
file: test/pipeline_test.sv
frame: 
fsdbFilename: 
hasTB: 0
inputFilename: 
keyFilename: ucli.key
line: 11
logFilename: /homes/user/stud/fall23/das2313/csee4824/csee4824-final-project/verdiLog/sim.log
macroIndex: -1
macroOffset: -1
pid: 2841029
scope: testbench
startCol: 0
state: stopped
thread: 
time: 0
timePrecision: 100 ps
vcdFilename: 
vpdFilename:
ucli% synUtils::resolveSourceFilename test/pipeline_test.sv
test/pipeline_test.sv
ucli% puts $::ucliCore::cbug_active
0

ucli% if {[catch {ucliCore::setFocus tool}]} {}

ucli% checkpoint -list -all
There are no checkpoints present.
ucli% if {[catch {ucliCore::setFocus tool}]} {}

ucli% stop
No stop points are set
ucli% if {[catch {ucliCore::setFocus tool}]} {}

ucli% fsdbDumpvars 1 "testbench.core.clock"  +all +trace_process;fsdbDumpflush 
*Verdi* : Dumping the signal (testbench.core.clock).
*Verdi* : Flush all FSDB Files at 000 ps.

ucli% if {[catch {ucliCore::setFocus tool}]} {}

ucli% fsdbDumpvars 1 "testbench.core.reset"  +all +trace_process;fsdbDumpflush 
*Verdi* : Dumping the signal (testbench.core.reset).
*Verdi* : Flush all FSDB Files at 000 ps.

ucli% if {[catch {ucliCore::setFocus tool}]} {}

ucli% fsdbDumpvars 1 "testbench.core.icache_0.Icache_data_out"  +all +trace_process;fsdbDumpflush 
*Verdi* : Dumping the signal (testbench.core.icache_0.Icache_data_out).
*Verdi* : Flush all FSDB Files at 000 ps.

ucli% if {[catch {ucliCore::setFocus tool}]} {}

ucli% fsdbDumpvars 1 "testbench.core.icache_0.Icache_valid_out"  +all +trace_process;fsdbDumpflush 
*Verdi* : Dumping the signal (testbench.core.icache_0.Icache_valid_out).
*Verdi* : Flush all FSDB Files at 000 ps.

ucli% if {[catch {ucliCore::setFocus tool}]} {}

ucli% fsdbDumpvars 1 "testbench.core.if_stage_0.nextIF_packet"  +all +trace_process;fsdbDumpflush 
*Verdi* : Dumping the signal (testbench.core.if_stage_0.nextIF_packet).
*Verdi* : Flush all FSDB Files at 000 ps.

ucli% if {[catch {ucliCore::setFocus tool}]} {}

ucli% run
Loading memory file: programs/fib.mem
Using writeback output file: /dev/null
@@
@@
@@                     0  Asserting System reset......
@@
@@                     0 : System STILL at reset, can't show anything
@@
@@
@@                  3500 : System STILL at reset, can't show anything
@@
@@
@@                  7000 : System STILL at reset, can't show anything
@@
@@
@@                 10500 : System STILL at reset, can't show anything
@@
@@                 12260  Deasserting System reset......
@@
@@
@@@ Unified Memory contents hex on left, decimal on right: 
@@@
@@@ mem[    0] = 000012b700001237 : 20577188319799
@@@ mem[    8] = 0000133700828293 : 21126952682131
@@@ mem[   16] = 0020051301030313 : 9012778434233107
@@@ mem[   24] = 0022202300100113 : 9605483905155347
@@@ mem[   32] = 000221030022a023 : 599246724309027
@@@ mem[   40] = 002181b30002a183 : 9431280030753155
@@@ mem[   48] = 0082829300820213 : 36735314852708883
@@@ mem[   56] = 0105259300150513 : 73506282213278995
@@@ mem[   64] = 0083031300332023 : 36876602091708451
@@@ mem[   72] = 10500073fc059ee3 : 1175440000893165283
@@@
@@@ mem[ 4096] = 0000000000000001 : 1
@@@ mem[ 4104] = 0000000000000001 : 1
@@@ mem[ 4112] = 0000000000000002 : 2
@@@ mem[ 4120] = 0000000000000003 : 3
@@@ mem[ 4128] = 0000000000000005 : 5
@@@ mem[ 4136] = 0000000000000008 : 8
@@@ mem[ 4144] = 000000000000000d : 13
@@@ mem[ 4152] = 0000000000000015 : 21
@@@ mem[ 4160] = 0000000000000022 : 34
@@@ mem[ 4168] = 0000000000000037 : 55
@@@ mem[ 4176] = 0000000000000059 : 89
@@@ mem[ 4184] = 0000000000000090 : 144
@@@ mem[ 4192] = 00000000000000e9 : 233
@@@ mem[ 4200] = 0000000000000179 : 377
@@@ mem[ 4208] = 0000000000000262 : 610
@@@ mem[ 4216] = 00000000000003db : 987
@@@
@@@
@@               3517520 : System halted
@@
@@@ System halted on WFI instruction
@@@
@@
@@  1002 cycles / 149 instrs = 6.724832 CPI
@@
@@  350350.00 ns total time to execute
@@

$finish called from file "test/pipeline_test.sv", line 420.
$finish at simulation time              3518520
Simulation complete, time is 351852000 ps.
pipeline_test.sv, 420 :                 $finish;

ucli% synEnv::hasFataled
0
ucli% ucliCore::getToolPID
2841029
ucli% save::getUserdefinedProcs
::stateVerdiChangeCB ::LoadFSDBDumpCmd
ucli% if {[catch {ucliCore::setFocus tool}]} {}

ucli% fsdbDumpflush 
*Verdi* : Flush all FSDB Files at 351,852,000 ps.

ucli% checkpoint::executionInPast 
0
ucli% if {[catch {ucliCore::setFocus tool}]} {}

ucli% senv
activeDomain: Verilog
activeFile: test/pipeline_test.sv
activeFrame: 
activeLine: 420
activeScope: testbench
activeThread: 
endCol: 0
file: test/pipeline_test.sv
frame: 
fsdbFilename: 
hasTB: 0
inputFilename: 
keyFilename: ucli.key
line: 420
logFilename: /homes/user/stud/fall23/das2313/csee4824/csee4824-final-project/verdiLog/sim.log
macroIndex: -1
macroOffset: -1
pid: 2841029
scope: testbench
startCol: 0
state: stopped
thread: 
time: 3518520
timePrecision: 100 ps
vcdFilename: 
vpdFilename:
ucli% synUtils::resolveSourceFilename test/pipeline_test.sv
test/pipeline_test.sv
ucli% puts $::ucliCore::cbug_active
0

ucli% if {[catch {ucliCore::setFocus tool}]} {}

ucli% checkpoint -list -all
There are no checkpoints present.
ucli% if {[catch {ucliCore::setFocus tool}]} {}

ucli% stop
No stop points are set
ucli% if {[catch {ucliCore::setFocus tool}]} {}

ucli% checkpoint::executionInPast
0
ucli% finish; quit
           V C S   S i m u l a t i o n   R e p o r t 
Time: 351852000 ps
CPU Time:      0.450 seconds;       Data structure size:   0.2Mb
Tue Apr 15 19:42:57 2025

<VERDI_Terminated>

