version: (200506)

available memory: 64M bytes
used memory: 450560 bytes [need 440K bytes if disable swap]

used block: 27 [memory(27) file(0)]
                 [ 8K(23) 64K(4) { total 440K bytes } ]
overhead: (9555) bytes for (27) blocks [Average: (353) bytes/block]

write  => 0(times) 0K(bytes) [0K bytes to file]
read   => 4(times) 146K(bytes) [28K bytes compressed data from file]
access => 354433(times) 2823M(bytes)
          [hit ratio: 99.9989%]

time: write(0) read(0)  unit: second

swap file directory: (/homes/user/stud/fall23/das2313/csee4824/csee4824-final-project/verdiLog)
used swap file number: (6)



swap file manager:
arrSize: (256)
idxCnt: (7)
closeHead: (1)
closeTail: (6)
openCnt: (5)
fid(6): fd(1073741827) fileName(/homes/user/stud/fall23/das2313/csee4824/csee4824-final-project/simv.daidir/kdb.elab++/work.lib++/if_stage.sv.tdc)
	size(3812) lastModTime(1744759344) curModTime(1744759344)
	mode(rb)	hot(0) cool(5) pos(0)
fid(5): fd(1073741826) fileName(/homes/user/stud/fall23/das2313/csee4824/csee4824-final-project/simv.daidir/kdb.elab++/work.lib++/icache.sv.tdc)
	size(6456) lastModTime(1744759344) curModTime(1744759344)
	mode(rb)	hot(6) cool(4) pos(0)
fid(4): fd(1073741825) fileName(/homes/user/stud/fall23/das2313/csee4824/csee4824-final-project/simv.daidir/kdb.elab++/work.lib++/pipeline.sv.tdc)
	size(17971) lastModTime(1744759344) curModTime(1744759344)
	mode(rb)	hot(5) cool(2) pos(0)
fid(3): fd(0) fileName(/homes/user/stud/fall23/das2313/csee4824/csee4824-final-project/simv.daidir/kdb.elab++/work.lib++/sys_defs.svh#inc___vcs_unit__1__1#.tdc)
	size(14600) lastModTime(1744759344) curModTime(1744759344)
	mode(rb)	hot(0) cool(0) pos(0)
fid(2): fd(34) fileName(/homes/user/stud/fall23/das2313/csee4824/csee4824-final-project/verdiLog/_swap_0001#998294336#2840967)
	size(0) lastModTime(0) curModTime(1744759351)
	mode(w+b)	hot(4) cool(1) pos(0)
fid(1): fd(1073741824) fileName(/homes/user/stud/fall23/das2313/csee4824/csee4824-final-project/simv.daidir/kdb.elab++/work.lib++/pipeline_test.sv.tdc)
	size(17371) lastModTime(1744759344) curModTime(1744759344)
	mode(rb)	hot(2) cool(0) pos(0)
fid(0): fd(0) fileName(NULL)
	mode(NULL)	hot(0) cool(0) pos(0)
==================================================
mySelf(0x18f7e180) pre(0x19891810) next((nil))
version(200506)
date(Sep 20 2023 03:02:12)
