Command Line: /tools/synopsys/verdi/verdi/U-2023.03-SP2-1/platform/LINUXAMD64/bin/Novas -i -simflow -simBin ./simv -simDelim +MEMORY=programs/ppl_test.mem +WRITEBACK=/dev/null +PIPELINE=/dev/null
uname(Linux micro15 4.18.0-553.44.1.el8_10.x86_64 #1 SMP Wed Mar 5 10:48:41 EST 2025 x86_64)
type= DS_SIGNAL element= 27 field= 2
VERILOG testbench
VERILOG core
VERILOG func_unit_03
VERILOG clock
-----
second field= signal
VERILOG testbench
VERILOG core
VERILOG func_unit_03
VERILOG reset
-----
second field= signal
VERILOG testbench
VERILOG core
VERILOG func_unit_03
VERILOG Dmem_gnt
-----
second field= signal
VERILOG testbench
VERILOG core
VERILOG func_unit_03
VERILOG retired
-----
second field= signal
VERILOG testbench
VERILOG core
VERILOG func_unit_03
VERILOG mem2proc_response[3:0]
-----
second field= signal
VERILOG testbench
VERILOG core
VERILOG func_unit_03
VERILOG mem2proc_tag[3:0]
-----
second field= signal
VERILOG testbench
VERILOG core
VERILOG func_unit_03
VERILOG Dmem2proc_data[63:0]
-----
second field= signal
VERILOG testbench
VERILOG core
VERILOG func_unit_03
VERILOG S_X_reg
-----
second field= signal
VERILOG testbench
VERILOG core
VERILOG func_unit_03
VERILOG mem_store_pend
-----
second field= signal
VERILOG testbench
VERILOG core
VERILOG func_unit_03
VERILOG proc2Dmem_addr[31:0]
-----
second field= signal
VERILOG testbench
VERILOG core
VERILOG func_unit_03
VERILOG proc2Dmem_data[63:0]
-----
second field= signal
VERILOG testbench
VERILOG core
VERILOG func_unit_03
VERILOG proc2Dmem_command[1:0]
-----
second field= signal
VERILOG testbench
VERILOG core
VERILOG func_unit_03
VERILOG X_packet
-----
second field= signal
VERILOG _vcs_unit__2164713184
-----
second field= signal
VERILOG testbench
VERILOG core
VERILOG func_unit_03
VERILOG rawDmem_addr[31:0]
-----
second field= signal
VERILOG testbench
VERILOG core
VERILOG func_unit_03
VERILOG line_offset[3:0]
-----
second field= signal
VERILOG testbench
VERILOG core
VERILOG func_unit_03
VERILOG nextDmem_tag[3:0]
-----
second field= signal
VERILOG testbench
VERILOG core
VERILOG func_unit_03
VERILOG shift[5:0]
-----
second field= signal
VERILOG testbench
VERILOG core
VERILOG func_unit_03
VERILOG size_offset[5:0]
-----
second field= signal
VERILOG testbench
VERILOG core
VERILOG func_unit_03
VERILOG Dmem_data[63:0]
-----
second field= signal
VERILOG testbench
VERILOG core
VERILOG func_unit_03
VERILOG rawDmem_data[63:0]
-----
second field= signal
VERILOG testbench
VERILOG core
VERILOG func_unit_03
VERILOG fetchDmem_state[1:0]
-----
second field= signal
VERILOG testbench
VERILOG core
VERILOG func_unit_03
VERILOG storeDmem_state[1:0]
-----
second field= signal
VERILOG testbench
VERILOG core
VERILOG func_unit_03
VERILOG fetchDmem_valid
-----
second field= signal
VERILOG testbench
VERILOG core
VERILOG func_unit_03
VERILOG load_pend
-----
second field= signal
VERILOG testbench
VERILOG core
VERILOG func_unit_03
VERILOG store_pend
-----
second field= signal
VERILOG testbench
VERILOG core
VERILOG func_unit_03
VERILOG store_valid
-----
second field= signal
type= DS_STRING
clock reset Dmem_gnt retired mem2proc_response[3:0] mem2proc_tag[3:0] Dmem2proc_data[63:0] S_X_reg mem_store_pend proc2Dmem_addr[31:0] proc2Dmem_data[63:0] proc2Dmem_command[1:0] X_packet _vcs_unit__2164713184 rawDmem_addr[31:0] line_offset[3:0] nextDmem_tag[3:0] shift[5:0] size_offset[5:0] Dmem_data[63:0] rawDmem_data[63:0] fetchDmem_state[1:0] storeDmem_state[1:0] fetchDmem_valid load_pend store_pend store_valid
type= DS_SIGNAL element= 18 field= 2
VERILOG testbench
VERILOG memory
VERILOG clk
-----
second field= signal
VERILOG testbench
VERILOG memory
VERILOG proc2mem_addr[31:0]
-----
second field= signal
VERILOG testbench
VERILOG memory
VERILOG proc2mem_data[63:0]
-----
second field= signal
VERILOG testbench
VERILOG memory
VERILOG proc2mem_command[1:0]
-----
second field= signal
VERILOG testbench
VERILOG memory
VERILOG mem2proc_response[3:0]
-----
second field= signal
VERILOG testbench
VERILOG memory
VERILOG mem2proc_data[63:0]
-----
second field= signal
VERILOG testbench
VERILOG memory
VERILOG mem2proc_tag[3:0]
-----
second field= signal
VERILOG _vcs_unit__2164713184
-----
second field= signal
VERILOG testbench
VERILOG memory
VERILOG next_mem2proc_data[63:0]
-----
second field= signal
VERILOG testbench
VERILOG memory
VERILOG next_mem2proc_response[3:0]
-----
second field= signal
VERILOG testbench
VERILOG memory
VERILOG next_mem2proc_tag[3:0]
-----
second field= signal
VERILOG testbench
VERILOG memory
VERILOG unified_memory[8191:0]
-----
second field= signal
VERILOG testbench
VERILOG memory
VERILOG loaded_data[15:1]
-----
second field= signal
VERILOG testbench
VERILOG memory
VERILOG cycles_left[15:1]
-----
second field= signal
VERILOG testbench
VERILOG memory
VERILOG waiting_for_bus[15:1]
-----
second field= signal
VERILOG testbench
VERILOG memory
VERILOG acquire_tag
-----
second field= signal
VERILOG testbench
VERILOG memory
VERILOG bus_filled
-----
second field= signal
VERILOG testbench
VERILOG memory
VERILOG valid_address
-----
second field= signal
type= DS_STRING
clk proc2mem_addr[31:0] proc2mem_data[63:0] proc2mem_command[1:0] mem2proc_response[3:0] mem2proc_data[63:0] mem2proc_tag[3:0] _vcs_unit__2164713184 next_mem2proc_data[63:0] next_mem2proc_response[3:0] next_mem2proc_tag[3:0] unified_memory[8191:0] loaded_data[15:1] cycles_left[15:1] waiting_for_bus[15:1] acquire_tag bus_filled valid_address
