2025-12-16 14:54:54.848396 (2455567) main____ INFO    ----------------------------------------
2025-12-16 14:54:54.848426 (2455567) main____ INFO    Jasper version info
2025-12-16 14:54:54.848430 (2455567) main____ INFO      tool      : Jasper 2024.06
2025-12-16 14:54:54.848433 (2455567) main____ INFO      version   : 2024.06p002 64 bits
2025-12-16 14:54:54.848435 (2455567) main____ INFO      build date: 2024.09.02 16:28:38 UTC
2025-12-16 14:54:54.848437 (2455567) main____ INFO    ----------------------------------------
2025-12-16 14:54:54.848438 (2455567) main____ INFO    Runtime info:
2025-12-16 14:54:54.848440 (2455567) main____ INFO      platform  : Linux 4.18.0-553.89.1.el8_10.x86_64 x86_64
2025-12-16 14:54:54.848443 (2455567) main____ INFO      hostname  : cadpc05
2025-12-16 14:54:54.849471 (2455567) main____ INFO      pid       : 2455567
2025-12-16 14:54:54.849473 (2455567) main____ INFO      arguments : '-style' 'windows' '-batch' '-fpv' 'fv/icache_check.tcl'
2025-12-16 14:54:54.849476 (2455567) main____ INFO      locale    : UTF-8
2025-12-16 14:54:54.849477 (2455567) main____ INFO    ----------------------------------------
2025-12-16 14:54:54.849479 (2455567) main____ INFO    System resource limits info:
2025-12-16 14:54:54.849481 (2455567) main____ INFO      virtual memory: unlimited
2025-12-16 14:54:54.849483 (2455567) main____ INFO      cpu time      : unlimited
2025-12-16 14:54:54.849487 (2455567) main____ INFO      processes     : 255232
2025-12-16 14:54:54.849491 (2455567) main____ INFO      stack size    : 8388608 B
2025-12-16 14:54:54.849494 (2455567) main____ INFO      core file size: 0 B
2025-12-16 14:54:54.849496 (2455567) main____ INFO      open files    : 262144
2025-12-16 14:54:54.849498 (2455567) main____ INFO      file size     : unlimited
2025-12-16 14:54:54.849499 (2455567) main____ INFO    ----------------------------------------
2025-12-16 14:54:54.849501 (2455567) main____ INFO    Memory statistics:
2025-12-16 14:54:54.849503 (2455567) main____ INFO      total physical memory  : 65401520 kB
2025-12-16 14:54:54.849505 (2455567) main____ INFO      free physical memory   : 44822264 kB
2025-12-16 14:54:54.849507 (2455567) main____ INFO      committed address space: 19887316 kB
2025-12-16 14:54:54.849508 (2455567) main____ INFO    ----------------------------------------
2025-12-16 14:54:54.849939 (2455567) main____ INFO    Important environment variables:
2025-12-16 14:54:54.850545 (2455567) main____ INFO      CDS_LIC_FILE       : '5280@bioeelincad.ee.columbia.edu'
2025-12-16 14:54:54.850548 (2455567) main____ INFO      CDS_LOAD_ENV       : 'CWD'
2025-12-16 14:54:54.850550 (2455567) main____ INFO      DISPLAY            : 'localhost:10.0'
2025-12-16 14:54:54.850552 (2455567) main____ INFO      JASPER_CPU_CHECK   : '1'
2025-12-16 14:54:54.850554 (2455567) main____ INFO      JASPER_INSTALL_DIR : '/tools/cadence/jasper_2024.06p002'
2025-12-16 14:54:54.850555 (2455567) main____ INFO      JASPER_KERNEL_CHECK: '1'
2025-12-16 14:54:54.850557 (2455567) main____ INFO      JASPER_OS_CHECK    : '1'
2025-12-16 14:54:54.850559 (2455567) main____ INFO      LANG               : 'en_US.UTF-8'
2025-12-16 14:54:54.850560 (2455567) main____ INFO    ----------------------------------------
2025-12-16 14:54:54.850854 (2455567) lic_core INFO    Initializing license system ...
2025-12-16 14:54:54.857008 (2455567) lic_core INFO    ... license system initialized.
2025-12-16 14:54:54.872409 (2455567) lic__man INFO    Claim 'fpv' for <ui>.
2025-12-16 14:54:54.872426 (2455567) lic_core INFO    (1) checking out 'jasper_fpv' ...
2025-12-16 14:54:54.878430 (2455567) lic_core INFO    ... (1) checkout failed (error: -5) ("FLEXnet ERROR(-5, 0, 0): No such feature exists.")
2025-12-16 14:54:54.878441 (2455567) lic_core INFO    (2) checking out 'jasper_fao' ...
2025-12-16 14:54:54.887575 (2455567) lic_core INFO    ... (2) checkout succeeded
2025-12-16 14:54:54.938378 (2455567) session_ INFO    Starting analysis session with session id 'session_0' (launcher: <local>) ...
2025-12-16 14:54:54.939071 (2455567) session_ INFO    Analysis session with session id 'session_0' started (pid: 2455585)
2025-12-16 14:54:55.512003 (2455567) session_ INFO    Analysis session 'session_0' connected to the console (host: 127.0.0.1:55974)
2025-12-16 14:54:56.821307 (2455567) lic__man INFO    Unclaim everything for 'session_0'.
2025-12-16 14:54:56.869309 (2455567) lic__man INFO    Claim 'fpv' for 'session_0'.
2025-12-16 14:54:56.869327 (2455567) lic__man INFO    Claim 'fpv' for 'session_0/prove-0'.
2025-12-16 14:54:57.555163 (2455567) lic__man INFO    Unclaim everything for 'session_0/prove-0'.
2025-12-16 14:54:57.561496 (2455567) main____ INFO    About to exit: request to exit with status 0 received from analysis session 'session_0'
2025-12-16 14:54:57.621140 (2455567) session_ INFO    Analysis session 'session_0' disconnected.
2025-12-16 14:54:57.621196 (2455567) lic__man INFO    Unclaim everything for 'session_0'.
2025-12-16 14:54:57.774684 (2455567) session_ INFO    Process for analysis session 'session_0' has exited with exit status '0'.
2025-12-16 14:54:59.664474 (2455567) lic_core INFO    (2) checkin jasper_fao
2025-12-16 14:54:59.666174 (2455567) main____ INFO    Exiting with status 0.
