Info: [VCS_SAVE_RESTORE_INFO] ASLR (Address Space Layout Randomization) is detected on the machine. To enable $save functionality, ASLR will be switched off and simv re-executed.
Please use '-no_save' simv switch to avoid re-execution or '-suppress=ASLR_DETECTED_INFO' to suppress this message.
Chronologic VCS simulator copyright 1991-2023
Contains Synopsys proprietary information.
Compiler version U-2023.03-SP2-1_Full64; Runtime version U-2023.03-SP2-1_Full64;  Feb 28 14:39 2025
Loading memory file: programs/break_mem1.mem
Using writeback output file: output/break_mem1.syn.wb
Using pipeline output file: output/break_mem1.syn.ppln
@@
@@
@@                     0  Asserting System reset......
@@
@@                     0 : System STILL at reset, can't show anything
@@
@@
@@                  3000 : System STILL at reset, can't show anything
@@
@@
@@                  6000 : System STILL at reset, can't show anything
@@
@@
@@                  9000 : System STILL at reset, can't show anything
@@
@@                 11500  Deasserting System reset......
@@
@@
@@@ Unified Memory contents hex on left, decimal on right: 
@@@
@@@ mem[    0] = 0a00809300000097 : 720717309227827351
@@@ mem[    8] = 09a1819300000197 : 693978285951943063
@@@ mem[   16] = 0942829300000297 : 667239262676058775
@@@ mem[   24] = 0031446300009103 : 13867465851310339
@@@ mem[   32] = 00019203028000ef : 442016601211119
@@@ mem[   40] = 0002938300220333 : 725140805649203
@@@ mem[   48] = 014000ef00734463 : 90073019052147811
@@@ mem[   56] = 001005130072a223 : 4509178797400611
@@@ mem[   64] = 1050007300a00893 : 1175439996675426451
@@@ mem[   72] = 00a00893fff00513 : 45045428020839699
@@@ mem[   80] = 0000000000000073 : 115
@@@
@@@ mem[  160] = 0000000f00070003 : 64424968195
@@@ mem[  168] = 000000000000000f : 15
@@@
@@@
@@                101000 : System halted
@@
@@@ System halted on WFI instruction
@@@
@@
@@  31 cycles / 15 instrs = 2.066667 CPI
@@
@@  90.00 ns total time to execute
@@

$finish called from file "test/pipeline_test.sv", line 296.
$finish at simulation time               201000
           V C S   S i m u l a t i o n   R e p o r t 
Time: 201000 ps
CPU Time:      0.170 seconds;       Data structure size:   2.2Mb
Fri Feb 28 14:39:15 2025
