Info: [VCS_SAVE_RESTORE_INFO] ASLR (Address Space Layout Randomization) is detected on the machine. To enable $save functionality, ASLR will be switched off and simv re-executed.
Please use '-no_save' simv switch to avoid re-execution or '-suppress=ASLR_DETECTED_INFO' to suppress this message.
Chronologic VCS simulator copyright 1991-2023
Contains Synopsys proprietary information.
Compiler version U-2023.03-SP2-1_Full64; Runtime version U-2023.03-SP2-1_Full64;  Feb 28 02:33 2025
Loading memory file: programs/data_fwd.mem
Using writeback output file: output/data_fwd.wb
Using pipeline output file: output/data_fwd.ppln
@@
@@
@@                     0  Asserting System reset......
@@
@@                     0 : System STILL at reset, can't show anything
@@
@@
@@                  3000 : System STILL at reset, can't show anything
@@
@@
@@                  6000 : System STILL at reset, can't show anything
@@
@@
@@                  9000 : System STILL at reset, can't show anything
@@
@@                 11500  Deasserting System reset......
@@
@@
"test/mem.sv", 124: testbench.memory.unnamed$$_0.unnamed$$_2: started at 171000ps failed at 171000ps
	Offending '(proc2mem_addr[1:0] == 2'b0)'
@@@ Unified Memory contents hex on left, decimal on right: 
@@@
@@@ mem[    0] = 0020011300100093 : 9008380371796115
@@@ mem[    8] = 0040021300300193 : 18016679140262291
@@@ mem[   16] = 0060031300500293 : 27024977908728467
@@@ mem[   24] = 0080041300700393 : 36033276677194643
@@@ mem[   32] = 00a0051300900493 : 45041575445660819
@@@ mem[   40] = 005102330000a183 : 22801891180192131
@@@ mem[   48] = 0093743340718333 : 41504585049801523
@@@ mem[   56] = 0005258300646533 : 1448619461076275
@@@ mem[   64] = 00a0202300158513 : 45071330971059475
@@@ mem[   72] = 0000000010500073 : 273678451
@@@
@@@
@@                248000 : System halted
@@
@@@ System halted on memory error
@@@
@@
@@  80 cycles / 15 instrs = 5.333333 CPI
@@
@@  237.00 ns total time to execute
@@

$finish called from file "test/pipeline_test.sv", line 296.
$finish at simulation time               348000
           V C S   S i m u l a t i o n   R e p o r t 
Time: 348000 ps
CPU Time:      0.140 seconds;       Data structure size:   0.1Mb
Fri Feb 28 02:33:37 2025
