Info: [VCS_SAVE_RESTORE_INFO] ASLR (Address Space Layout Randomization) is detected on the machine. To enable $save functionality, ASLR will be switched off and simv re-executed.
Please use '-no_save' simv switch to avoid re-execution or '-suppress=ASLR_DETECTED_INFO' to suppress this message.
Chronologic VCS simulator copyright 1991-2023
Contains Synopsys proprietary information.
Compiler version U-2023.03-SP2-1_Full64; Runtime version U-2023.03-SP2-1_Full64;  Feb 28 02:33 2025
Loading memory file: programs/data_forward.mem
Using writeback output file: output/data_forward.wb
Using pipeline output file: output/data_forward.ppln
@@
@@
@@                     0  Asserting System reset......
@@
@@                     0 : System STILL at reset, can't show anything
@@
@@
@@                  3000 : System STILL at reset, can't show anything
@@
@@
@@                  6000 : System STILL at reset, can't show anything
@@
@@
@@                  9000 : System STILL at reset, can't show anything
@@
@@                 11500  Deasserting System reset......
@@
@@
@@@ Unified Memory contents hex on left, decimal on right: 
@@@
@@@ mem[    0] = 00a5a02300a5a023 : 46619443352412195
@@@ mem[    8] = 0010009300a5a023 : 4504230998417443
@@@ mem[   16] = 00a5a02300200093 : 46619443343655059
@@@ mem[   24] = 0030019300a5a023 : 13512529764786211
@@@ mem[   32] = 0050021300400213 : 22520278768681491
@@@ mem[   40] = 0060031300000013 : 27024977903484947
@@@ mem[   48] = 0000000010500073 : 273678451
@@@
@@@
@@                 23000 : System halted
@@
@@@ System halted on memory error
@@@
@@
@@  5 cycles / 0 instrs = inf CPI
@@
@@  12.00 ns total time to execute
@@

$finish called from file "test/pipeline_test.sv", line 296.
$finish at simulation time               123000
           V C S   S i m u l a t i o n   R e p o r t 
Time: 123000 ps
CPU Time:      0.140 seconds;       Data structure size:   0.1Mb
Fri Feb 28 02:33:37 2025
