Info: [VCS_SAVE_RESTORE_INFO] ASLR (Address Space Layout Randomization) is detected on the machine. To enable $save functionality, ASLR will be switched off and simv re-executed.
Please use '-no_save' simv switch to avoid re-execution or '-suppress=ASLR_DETECTED_INFO' to suppress this message.
Chronologic VCS simulator copyright 1991-2023
Contains Synopsys proprietary information.
Compiler version U-2023.03-SP2-1_Full64; Runtime version U-2023.03-SP2-1_Full64;  Apr  9 22:20 2025
Loading memory file: programs/easy_program.mem
Using writeback output file: output/easy_program.wb
Using pipeline output file: output/easy_program.ppln
@@
@@
@@                     0  Asserting System reset......
@@
@@                     0 : System STILL at reset, can't show anything
@@
@@
@@                  3000 : System STILL at reset, can't show anything
@@
@@
@@                  6000 : System STILL at reset, can't show anything
@@
@@
@@                  9000 : System STILL at reset, can't show anything
@@
@@                 11500  Deasserting System reset......
@@
@@
@@@ Unified Memory contents hex on left, decimal on right: 
@@@
@@@ mem[    0] = 3210202300100093 : 3607418636220760211
@@@ mem[    8] = 3200019300200113 : 3602881432770314515
@@@ mem[   16] = 022102330001a283 : 153406280374002307
@@@ mem[   24] = 3210202302220433 : 3607418636255495219
@@@ mem[   32] = 1050007332002283 : 1175439997503808131
@@@
@@@ mem[  800] = 0000000000000001 : 1
@@@
@@@
@@                 59000 : System halted
@@
@@@ System halted on WFI instruction
@@@
@@
@@  17 cycles / 9 instrs = 1.888889 CPI
@@
@@  48.00 ns total time to execute
@@

$finish called from file "test/pipeline_test.sv", line 296.
$finish at simulation time               159000
           V C S   S i m u l a t i o n   R e p o r t 
Time: 159000 ps
CPU Time:      0.260 seconds;       Data structure size:   0.1Mb
Wed Apr  9 22:20:40 2025
