Info: [VCS_SAVE_RESTORE_INFO] ASLR (Address Space Layout Randomization) is detected on the machine. To enable $save functionality, ASLR will be switched off and simv re-executed.
Please use '-no_save' simv switch to avoid re-execution or '-suppress=ASLR_DETECTED_INFO' to suppress this message.
Chronologic VCS simulator copyright 1991-2023
Contains Synopsys proprietary information.
Compiler version U-2023.03-SP2-1_Full64; Runtime version U-2023.03-SP2-1_Full64;  Feb 28 09:34 2025
Loading memory file: programs/modulo.mem
Using writeback output file: output/modulo.wb
Using pipeline output file: output/modulo.ppln
@@
@@
@@                     0  Asserting System reset......
@@
@@                     0 : System STILL at reset, can't show anything
@@
@@
@@                  3000 : System STILL at reset, can't show anything
@@
@@
@@                  6000 : System STILL at reset, can't show anything
@@
@@
@@                  9000 : System STILL at reset, can't show anything
@@
@@                 11500  Deasserting System reset......
@@
@@
@@@ Unified Memory contents hex on left, decimal on right: 
@@@
@@@ mem[    0] = 0000009700000013 : 648540061715
@@@ mem[    8] = 0001011708c08093 : 282673419419795
@@@ mem[   16] = 00010413ff410113 : 285958910050579
@@@ mem[   24] = 9481819300001197 : 10700976657969189271
@@@ mem[   32] = 0000029300000213 : 2830383448595
@@@ mem[   40] = 0000039300000313 : 3929895076627
@@@ mem[   48] = 0000051300000493 : 5579162518675
@@@ mem[   56] = 0000061300000593 : 6678674146707
@@@ mem[   64] = 0000071300000693 : 7778185774739
@@@ mem[   72] = 0000081300000793 : 8877697402771
@@@ mem[   80] = 0000091300000893 : 9977209030803
@@@ mem[   88] = 00000a1300000993 : 11076720658835
@@@ mem[   96] = 00000b1300000a93 : 12176232286867
@@@ mem[  104] = 00000c1300000b93 : 13275743914899
@@@ mem[  112] = 00000d1300000c93 : 14375255542931
@@@ mem[  120] = 00000e1300000d93 : 15474767170963
@@@ mem[  128] = 00000f1300000e93 : 16574278798995
@@@ mem[  136] = 0900006f00000f93 : 648518823082725267
@@@ mem[  144] = f701011300010117 : 17798508383460983063
@@@ mem[  152] = 00000013fea12c23 : 85876354083
@@@ mem[  160] = 0000001310500073 : 81878057075
@@@ mem[  168] = 0000001300000013 : 81604378643
@@@ mem[  176] = 00812e23fe010113 : 36361004115886355
@@@ mem[  184] = 0005079302010413 : 1415702858761235
@@@ mem[  192] = 0180006ffef41723 : 108086872075671331
@@@ mem[  200] = 01178793fee45783 : 78680588208592771
@@@ mem[  208] = 0107d79301079793 : 74264945252341651
@@@ mem[  216] = fee41783fef41723 : 18366831036009289507
@@@ mem[  224] = 0180006ffe07c4e3 : 108086872060183779
@@@ mem[  232] = fef78793fee45783 : 18372302274587547523
@@@ mem[  240] = 0107d79301079793 : 74264945252341651
@@@ mem[  248] = fee41703fef41723 : 18366830486253475619
@@@ mem[  256] = fee7c2e301000793 : 18367863885484001171
@@@ mem[  264] = 00078513fee41783 : 2116645764208515
@@@ mem[  272] = 0201011301c12403 : 144397844198007811
@@@ mem[  280] = fe01011300008067 : 18302911541726445671
@@@ mem[  288] = 00812c2300112e23 : 36358800832278051
@@@ mem[  296] = fec0051302010413 : 18356677660358280211
@@@ mem[  304] = f80080e700000097 : 17870425051031928983
@@@ mem[  312] = fef4262300050793 : 18371350711717136275
@@@ mem[  320] = 0007851300000793 : 2116641487849363
@@@ mem[  328] = 0181240301c12083 : 108407461366538371
@@@ mem[  336] = 0000806702010113 : 141179903607059
@@@
@@@ mem[65480] = 000e000000000000 : 3940649673949184
@@@
@@@ mem[65496] = 0001000000000000 : 281474976710656
@@@
@@@ mem[65512] = 0000000e00000000 : 60129542144
@@@
@@@ mem[65528] = 0000009000000000 : 618475290624
@@@
@@               1313000 : System halted
@@
@@@ System halted on WFI instruction
@@@
@@
@@  435 cycles / 86 instrs = 5.058140 CPI
@@
@@  1302.00 ns total time to execute
@@

$finish called from file "test/pipeline_test.sv", line 296.
$finish at simulation time              1413000
           V C S   S i m u l a t i o n   R e p o r t 
Time: 1413000 ps
CPU Time:      0.150 seconds;       Data structure size:   0.1Mb
Fri Feb 28 09:34:40 2025
