Info: [VCS_SAVE_RESTORE_INFO] ASLR (Address Space Layout Randomization) is detected on the machine. To enable $save functionality, ASLR will be switched off and simv re-executed.
Please use '-no_save' simv switch to avoid re-execution or '-suppress=ASLR_DETECTED_INFO' to suppress this message.
Chronologic VCS simulator copyright 1991-2023
Contains Synopsys proprietary information.
Compiler version U-2023.03-SP2-1_Full64; Runtime version U-2023.03-SP2-1_Full64;  Feb 28 03:35 2025
Loading memory file: programs/modulo_asm.mem
Using writeback output file: output/modulo_asm.wb
Using pipeline output file: output/modulo_asm.ppln
@@
@@
@@                     0  Asserting System reset......
@@
@@                     0 : System STILL at reset, can't show anything
@@
@@
@@                  3000 : System STILL at reset, can't show anything
@@
@@
@@                  6000 : System STILL at reset, can't show anything
@@
@@
@@                  9000 : System STILL at reset, can't show anything
@@
@@                 11500  Deasserting System reset......
@@
@@
@@@ Unified Memory contents hex on left, decimal on right: 
@@@
@@@ mem[    0] = 00000597c1800513 : 6149344593171
@@@ mem[    8] = 0005566307c5a583 : 1502358215697795
@@@ mem[   16] = fe054ce300b50533 : 18304120798370399539
@@@ mem[   24] = 40b5053300b54663 : 4662638705825367651
@@@ mem[   32] = 10500073feb55ee3 : 1175440000938237667
@@@ mem[   40] = 10500073fd9ff0ef : 1175440000920056047
@@@
@@@ mem[  128] = 0000000000000011 : 17
@@@
@@@
@@               2738000 : System halted
@@
@@@ System halted on WFI instruction
@@@
@@
@@  910 cycles / 181 instrs = 5.027624 CPI
@@
@@  2727.00 ns total time to execute
@@

$finish called from file "test/pipeline_test.sv", line 296.
$finish at simulation time              2838000
           V C S   S i m u l a t i o n   R e p o r t 
Time: 2838000 ps
CPU Time:      0.150 seconds;       Data structure size:   0.1Mb
Fri Feb 28 03:35:31 2025
