Info: [VCS_SAVE_RESTORE_INFO] ASLR (Address Space Layout Randomization) is detected on the machine. To enable $save functionality, ASLR will be switched off and simv re-executed.
Please use '-no_save' simv switch to avoid re-execution or '-suppress=ASLR_DETECTED_INFO' to suppress this message.
Chronologic VCS simulator copyright 1991-2023
Contains Synopsys proprietary information.
Compiler version U-2023.03-SP2-1_Full64; Runtime version U-2023.03-SP2-1_Full64;  Apr  7 14:16 2025
Loading memory file: programs/more_mult.mem
Using writeback output file: output/more_mult.wb
Using pipeline output file: output/more_mult.ppln
@@
@@
@@                     0  Asserting System reset......
@@
@@                     0 : System STILL at reset, can't show anything
@@
@@
@@                  3000 : System STILL at reset, can't show anything
@@
@@
@@                  6000 : System STILL at reset, can't show anything
@@
@@
@@                  9000 : System STILL at reset, can't show anything
@@
@@                 11500  Deasserting System reset......
@@
@@
@@@ Unified Memory contents hex on left, decimal on right: 
@@@
@@@ mem[    0] = 0210833300200093 : 148763042771894419
@@@ mem[    8] = 02138433021303b3 : 149608567246357427
@@@ mem[   16] = 02148533021404b3 : 149891141734761651
@@@ mem[   24] = 02158633021505b3 : 150173716223165875
@@@ mem[   32] = 10500073021606b3 : 1175439996699936435
@@@
@@@
@@                 50000 : System halted
@@
@@@ System halted on WFI instruction
@@@
@@
@@  14 cycles / 9 instrs = 1.555556 CPI
@@
@@  39.00 ns total time to execute
@@

$finish called from file "test/pipeline_test.sv", line 296.
$finish at simulation time               150000
           V C S   S i m u l a t i o n   R e p o r t 
Time: 150000 ps
CPU Time:      0.170 seconds;       Data structure size:   0.1Mb
Mon Apr  7 14:16:50 2025
