Info: [VCS_SAVE_RESTORE_INFO] ASLR (Address Space Layout Randomization) is detected on the machine. To enable $save functionality, ASLR will be switched off and simv re-executed.
Please use '-no_save' simv switch to avoid re-execution or '-suppress=ASLR_DETECTED_INFO' to suppress this message.
Chronologic VCS simulator copyright 1991-2023
Contains Synopsys proprietary information.
Compiler version U-2023.03-SP2-1_Full64; Runtime version U-2023.03-SP2-1_Full64;  Apr  7 14:16 2025
Loading memory file: programs/no_hazard.mem
Using writeback output file: output/no_hazard.wb
Using pipeline output file: output/no_hazard.ppln
@@
@@
@@                     0  Asserting System reset......
@@
@@                     0 : System STILL at reset, can't show anything
@@
@@
@@                  3000 : System STILL at reset, can't show anything
@@
@@
@@                  6000 : System STILL at reset, can't show anything
@@
@@
@@                  9000 : System STILL at reset, can't show anything
@@
@@                 11500  Deasserting System reset......
@@
@@
@@@ Unified Memory contents hex on left, decimal on right: 
@@@
@@@ mem[    0] = 1050007300100093 : 1175439996665987219
@@@
@@@
@@                 26000 : System halted
@@
@@@ System halted on WFI instruction
@@@
@@
@@  6 cycles / 1 instrs = 6.000000 CPI
@@
@@  15.00 ns total time to execute
@@

$finish called from file "test/pipeline_test.sv", line 296.
$finish at simulation time               126000
           V C S   S i m u l a t i o n   R e p o r t 
Time: 126000 ps
CPU Time:      0.170 seconds;       Data structure size:   0.1Mb
Mon Apr  7 14:16:48 2025
