Info: [VCS_SAVE_RESTORE_INFO] ASLR (Address Space Layout Randomization) is detected on the machine. To enable $save functionality, ASLR will be switched off and simv re-executed.
Please use '-no_save' simv switch to avoid re-execution or '-suppress=ASLR_DETECTED_INFO' to suppress this message.
Chronologic VCS simulator copyright 1991-2023
Contains Synopsys proprietary information.
Compiler version U-2023.03-SP2-1_Full64; Runtime version U-2023.03-SP2-1_Full64;  Feb 28 14:39 2025
Loading memory file: programs/no_hazard.mem
Using writeback output file: output/no_hazard.syn.wb
Using pipeline output file: output/no_hazard.syn.ppln
@@
@@
@@                     0  Asserting System reset......
@@
@@                     0 : System STILL at reset, can't show anything
@@
@@
@@                  3000 : System STILL at reset, can't show anything
@@
@@
@@                  6000 : System STILL at reset, can't show anything
@@
@@
@@                  9000 : System STILL at reset, can't show anything
@@
@@                 11500  Deasserting System reset......
@@
@@
@@@ Unified Memory contents hex on left, decimal on right: 
@@@
@@@ mem[    0] = 0020011300100093 : 9008380371796115
@@@ mem[    8] = 0040021300800193 : 18016679145505171
@@@ mem[   16] = 0000001300506293 : 81609646739
@@@ mem[   24] = 002081b300000013 : 9149805053870099
@@@ mem[   32] = 0000001300000013 : 81604378643
@@@ mem[   40] = 0000001300000013 : 81604378643
@@@ mem[   48] = 1050007306302223 : 1175439996768756259
@@@
@@@ mem[   96] = 0000000300000000 : 12884901888
@@@
@@@
@@                 62000 : System halted
@@
@@@ System halted on WFI instruction
@@@
@@
@@  18 cycles / 13 instrs = 1.384615 CPI
@@
@@  51.00 ns total time to execute
@@

$finish called from file "test/pipeline_test.sv", line 296.
$finish at simulation time               162000
           V C S   S i m u l a t i o n   R e p o r t 
Time: 162000 ps
CPU Time:      0.160 seconds;       Data structure size:   2.2Mb
Fri Feb 28 14:39:31 2025
