Info: [VCS_SAVE_RESTORE_INFO] ASLR (Address Space Layout Randomization) is detected on the machine. To enable $save functionality, ASLR will be switched off and simv re-executed.
Please use '-no_save' simv switch to avoid re-execution or '-suppress=ASLR_DETECTED_INFO' to suppress this message.
Chronologic VCS simulator copyright 1991-2023
Contains Synopsys proprietary information.
Compiler version U-2023.03-SP2-1_Full64; Runtime version U-2023.03-SP2-1_Full64;  Feb 28 02:33 2025
Loading memory file: programs/no_take_branch.mem
Using writeback output file: output/no_take_branch.wb
Using pipeline output file: output/no_take_branch.ppln
@@
@@
@@                     0  Asserting System reset......
@@
@@                     0 : System STILL at reset, can't show anything
@@
@@
@@                  3000 : System STILL at reset, can't show anything
@@
@@
@@                  6000 : System STILL at reset, can't show anything
@@
@@
@@                  9000 : System STILL at reset, can't show anything
@@
@@                 11500  Deasserting System reset......
@@
@@
@@@ Unified Memory contents hex on left, decimal on right: 
@@@
@@@ mem[    0] = 0000001300400593 : 81608574355
@@@ mem[    8] = 0000001300000013 : 81604378643
@@@ mem[   16] = 0005a50300000013 : 1588807187038227
@@@ mem[   24] = 000000130005a603 : 81604748803
@@@ mem[   32] = 0000001300000013 : 81604378643
@@@ mem[   40] = 02c5186300000013 : 199592571968684051
@@@ mem[   48] = 0010009300000013 : 4504230987563027
@@@ mem[   56] = 00a5a02300200093 : 46619443343655059
@@@ mem[   64] = 0030019300a5a023 : 13512529764786211
@@@ mem[   72] = 0050021300400213 : 22520278768681491
@@@ mem[   80] = 0060031300000013 : 27024977903484947
@@@ mem[   88] = fff0451310500073 : 18442316422262554739
@@@ mem[   96] = 0000000010500073 : 273678451
@@@
@@@
@@                353000 : System halted
@@
@@@ System halted on WFI instruction
@@@
@@
@@  115 cycles / 22 instrs = 5.227273 CPI
@@
@@  342.00 ns total time to execute
@@

$finish called from file "test/pipeline_test.sv", line 296.
$finish at simulation time               453000
           V C S   S i m u l a t i o n   R e p o r t 
Time: 453000 ps
CPU Time:      0.140 seconds;       Data structure size:   0.1Mb
Fri Feb 28 02:33:45 2025
