Info: [VCS_SAVE_RESTORE_INFO] ASLR (Address Space Layout Randomization) is detected on the machine. To enable $save functionality, ASLR will be switched off and simv re-executed.
Please use '-no_save' simv switch to avoid re-execution or '-suppress=ASLR_DETECTED_INFO' to suppress this message.
Chronologic VCS simulator copyright 1991-2023
Contains Synopsys proprietary information.
Compiler version U-2023.03-SP2-1_Full64; Runtime version U-2023.03-SP2-1_Full64;  Feb 28 14:39 2025
Loading memory file: programs/perfect_cpi_fwd.mem
Using writeback output file: output/perfect_cpi_fwd.syn.wb
Using pipeline output file: output/perfect_cpi_fwd.syn.ppln
@@
@@
@@                     0  Asserting System reset......
@@
@@                     0 : System STILL at reset, can't show anything
@@
@@
@@                  3000 : System STILL at reset, can't show anything
@@
@@
@@                  6000 : System STILL at reset, can't show anything
@@
@@
@@                  9000 : System STILL at reset, can't show anything
@@
@@                 11500  Deasserting System reset......
@@
@@
@@@ Unified Memory contents hex on left, decimal on right: 
@@@
@@@ mem[    0] = 0010811300100093 : 4645518232780947
@@@ mem[    8] = 0011821300110193 : 4928092721185171
@@@ mem[   16] = 0012831300120293 : 5210667209589395
@@@ mem[   24] = 0013841300130393 : 5493241697993619
@@@ mem[   32] = 0014851300140493 : 5775816186397843
@@@ mem[   40] = 0010811300100093 : 4645518232780947
@@@ mem[   48] = 0011821300110193 : 4928092721185171
@@@ mem[   56] = 0012831300120293 : 5210667209589395
@@@ mem[   64] = 0013841300130393 : 5493241697993619
@@@ mem[   72] = 0014851300140493 : 5775816186397843
@@@ mem[   80] = 0010811300100093 : 4645518232780947
@@@ mem[   88] = 0011821300110193 : 4928092721185171
@@@ mem[   96] = 0012831300120293 : 5210667209589395
@@@ mem[  104] = 0013841300130393 : 5493241697993619
@@@ mem[  112] = 0014851300140493 : 5775816186397843
@@@ mem[  120] = 0010811300100093 : 4645518232780947
@@@ mem[  128] = 0011821300110193 : 4928092721185171
@@@ mem[  136] = 0012831300120293 : 5210667209589395
@@@ mem[  144] = 0013841300130393 : 5493241697993619
@@@ mem[  152] = 0014851300140493 : 5775816186397843
@@@ mem[  160] = 0010811300100093 : 4645518232780947
@@@ mem[  168] = 0011821300110193 : 4928092721185171
@@@ mem[  176] = 0012831300120293 : 5210667209589395
@@@ mem[  184] = 0013841300130393 : 5493241697993619
@@@ mem[  192] = 0014851300140493 : 5775816186397843
@@@ mem[  200] = 0010811300100093 : 4645518232780947
@@@ mem[  208] = 0011821300110193 : 4928092721185171
@@@ mem[  216] = 0012831300120293 : 5210667209589395
@@@ mem[  224] = 0013841300130393 : 5493241697993619
@@@ mem[  232] = 0014851300140493 : 5775816186397843
@@@ mem[  240] = 0010811300100093 : 4645518232780947
@@@ mem[  248] = 0011821300110193 : 4928092721185171
@@@ mem[  256] = 0012831300120293 : 5210667209589395
@@@ mem[  264] = 0013841300130393 : 5493241697993619
@@@ mem[  272] = 0014851300140493 : 5775816186397843
@@@ mem[  280] = 0010811300100093 : 4645518232780947
@@@ mem[  288] = 0011821300110193 : 4928092721185171
@@@ mem[  296] = 0012831300120293 : 5210667209589395
@@@ mem[  304] = 0013841300130393 : 5493241697993619
@@@ mem[  312] = 0014851300140493 : 5775816186397843
@@@ mem[  320] = 0010811300100093 : 4645518232780947
@@@ mem[  328] = 0011821300110193 : 4928092721185171
@@@ mem[  336] = 0012831300120293 : 5210667209589395
@@@ mem[  344] = 0013841300130393 : 5493241697993619
@@@ mem[  352] = 0014851300140493 : 5775816186397843
@@@ mem[  360] = 0010811300100093 : 4645518232780947
@@@ mem[  368] = 0011821300110193 : 4928092721185171
@@@ mem[  376] = 0012831300120293 : 5210667209589395
@@@ mem[  384] = 0013841300130393 : 5493241697993619
@@@ mem[  392] = 0014851300140493 : 5775816186397843
@@@ mem[  400] = 0010811300100093 : 4645518232780947
@@@ mem[  408] = 0011821300110193 : 4928092721185171
@@@ mem[  416] = 0012831300120293 : 5210667209589395
@@@ mem[  424] = 0013841300130393 : 5493241697993619
@@@ mem[  432] = 0014851300140493 : 5775816186397843
@@@ mem[  440] = 0010811300100093 : 4645518232780947
@@@ mem[  448] = 0011821300110193 : 4928092721185171
@@@ mem[  456] = 0012831300120293 : 5210667209589395
@@@ mem[  464] = 0013841300130393 : 5493241697993619
@@@ mem[  472] = 0014851300140493 : 5775816186397843
@@@ mem[  480] = 0010811300100093 : 4645518232780947
@@@ mem[  488] = 0011821300110193 : 4928092721185171
@@@ mem[  496] = 0012831300120293 : 5210667209589395
@@@ mem[  504] = 0013841300130393 : 5493241697993619
@@@ mem[  512] = 0014851300140493 : 5775816186397843
@@@ mem[  520] = 0010811300100093 : 4645518232780947
@@@ mem[  528] = 0011821300110193 : 4928092721185171
@@@ mem[  536] = 0012831300120293 : 5210667209589395
@@@ mem[  544] = 0013841300130393 : 5493241697993619
@@@ mem[  552] = 0014851300140493 : 5775816186397843
@@@ mem[  560] = 0010811300100093 : 4645518232780947
@@@ mem[  568] = 0011821300110193 : 4928092721185171
@@@ mem[  576] = 0012831300120293 : 5210667209589395
@@@ mem[  584] = 0013841300130393 : 5493241697993619
@@@ mem[  592] = 0014851300140493 : 5775816186397843
@@@ mem[  600] = 0010811300100093 : 4645518232780947
@@@ mem[  608] = 0011821300110193 : 4928092721185171
@@@ mem[  616] = 0012831300120293 : 5210667209589395
@@@ mem[  624] = 0013841300130393 : 5493241697993619
@@@ mem[  632] = 0014851300140493 : 5775816186397843
@@@ mem[  640] = 0010811300100093 : 4645518232780947
@@@ mem[  648] = 0011821300110193 : 4928092721185171
@@@ mem[  656] = 0012831300120293 : 5210667209589395
@@@ mem[  664] = 0013841300130393 : 5493241697993619
@@@ mem[  672] = 0014851300140493 : 5775816186397843
@@@ mem[  680] = 0010811300100093 : 4645518232780947
@@@ mem[  688] = 0011821300110193 : 4928092721185171
@@@ mem[  696] = 0012831300120293 : 5210667209589395
@@@ mem[  704] = 0013841300130393 : 5493241697993619
@@@ mem[  712] = 0014851300140493 : 5775816186397843
@@@ mem[  720] = 0010811300100093 : 4645518232780947
@@@ mem[  728] = 0011821300110193 : 4928092721185171
@@@ mem[  736] = 0012831300120293 : 5210667209589395
@@@ mem[  744] = 0013841300130393 : 5493241697993619
@@@ mem[  752] = 0014851300140493 : 5775816186397843
@@@ mem[  760] = 0010811300100093 : 4645518232780947
@@@ mem[  768] = 0011821300110193 : 4928092721185171
@@@ mem[  776] = 0012831300120293 : 5210667209589395
@@@ mem[  784] = 0013841300130393 : 5493241697993619
@@@ mem[  792] = 0014851300140493 : 5775816186397843
@@@ mem[  800] = 0010811300100093 : 4645518232780947
@@@ mem[  808] = 0011821300110193 : 4928092721185171
@@@ mem[  816] = 0012831300120293 : 5210667209589395
@@@ mem[  824] = 0013841300130393 : 5493241697993619
@@@ mem[  832] = 0014851300140493 : 5775816186397843
@@@ mem[  840] = 0010811300100093 : 4645518232780947
@@@ mem[  848] = 0011821300110193 : 4928092721185171
@@@ mem[  856] = 0012831300120293 : 5210667209589395
@@@ mem[  864] = 0013841300130393 : 5493241697993619
@@@ mem[  872] = 0014851300140493 : 5775816186397843
@@@ mem[  880] = 0010811300100093 : 4645518232780947
@@@ mem[  888] = 0011821300110193 : 4928092721185171
@@@ mem[  896] = 0012831300120293 : 5210667209589395
@@@ mem[  904] = 0013841300130393 : 5493241697993619
@@@ mem[  912] = 0014851300140493 : 5775816186397843
@@@ mem[  920] = 0010811300100093 : 4645518232780947
@@@ mem[  928] = 0011821300110193 : 4928092721185171
@@@ mem[  936] = 0012831300120293 : 5210667209589395
@@@ mem[  944] = 0013841300130393 : 5493241697993619
@@@ mem[  952] = 0014851300140493 : 5775816186397843
@@@ mem[  960] = 0010811300100093 : 4645518232780947
@@@ mem[  968] = 0011821300110193 : 4928092721185171
@@@ mem[  976] = 0012831300120293 : 5210667209589395
@@@ mem[  984] = 0013841300130393 : 5493241697993619
@@@ mem[  992] = 0014851300140493 : 5775816186397843
@@@ mem[ 1000] = 0010811300100093 : 4645518232780947
@@@ mem[ 1008] = 0011821300110193 : 4928092721185171
@@@ mem[ 1016] = 0012831300120293 : 5210667209589395
@@@ mem[ 1024] = 0013841300130393 : 5493241697993619
@@@ mem[ 1032] = 0014851300140493 : 5775816186397843
@@@ mem[ 1040] = 0010811300100093 : 4645518232780947
@@@ mem[ 1048] = 0011821300110193 : 4928092721185171
@@@ mem[ 1056] = 0012831300120293 : 5210667209589395
@@@ mem[ 1064] = 0013841300130393 : 5493241697993619
@@@ mem[ 1072] = 0014851300140493 : 5775816186397843
@@@ mem[ 1080] = 0010811300100093 : 4645518232780947
@@@ mem[ 1088] = 0011821300110193 : 4928092721185171
@@@ mem[ 1096] = 0012831300120293 : 5210667209589395
@@@ mem[ 1104] = 0013841300130393 : 5493241697993619
@@@ mem[ 1112] = 0014851300140493 : 5775816186397843
@@@ mem[ 1120] = 0010811300100093 : 4645518232780947
@@@ mem[ 1128] = 0011821300110193 : 4928092721185171
@@@ mem[ 1136] = 0012831300120293 : 5210667209589395
@@@ mem[ 1144] = 0013841300130393 : 5493241697993619
@@@ mem[ 1152] = 0014851300140493 : 5775816186397843
@@@ mem[ 1160] = 0010811300100093 : 4645518232780947
@@@ mem[ 1168] = 0011821300110193 : 4928092721185171
@@@ mem[ 1176] = 0012831300120293 : 5210667209589395
@@@ mem[ 1184] = 0013841300130393 : 5493241697993619
@@@ mem[ 1192] = 0014851300140493 : 5775816186397843
@@@ mem[ 1200] = 0010811300100093 : 4645518232780947
@@@ mem[ 1208] = 0011821300110193 : 4928092721185171
@@@ mem[ 1216] = 0012831300120293 : 5210667209589395
@@@ mem[ 1224] = 0013841300130393 : 5493241697993619
@@@ mem[ 1232] = 0014851300140493 : 5775816186397843
@@@ mem[ 1240] = 0010811300100093 : 4645518232780947
@@@ mem[ 1248] = 0011821300110193 : 4928092721185171
@@@ mem[ 1256] = 0012831300120293 : 5210667209589395
@@@ mem[ 1264] = 0013841300130393 : 5493241697993619
@@@ mem[ 1272] = 0014851300140493 : 5775816186397843
@@@ mem[ 1280] = 0010811300100093 : 4645518232780947
@@@ mem[ 1288] = 0011821300110193 : 4928092721185171
@@@ mem[ 1296] = 0012831300120293 : 5210667209589395
@@@ mem[ 1304] = 0013841300130393 : 5493241697993619
@@@ mem[ 1312] = 0014851300140493 : 5775816186397843
@@@ mem[ 1320] = 0010811300100093 : 4645518232780947
@@@ mem[ 1328] = 0011821300110193 : 4928092721185171
@@@ mem[ 1336] = 0012831300120293 : 5210667209589395
@@@ mem[ 1344] = 0013841300130393 : 5493241697993619
@@@ mem[ 1352] = 0014851300140493 : 5775816186397843
@@@ mem[ 1360] = 0010811300100093 : 4645518232780947
@@@ mem[ 1368] = 0011821300110193 : 4928092721185171
@@@ mem[ 1376] = 0012831300120293 : 5210667209589395
@@@ mem[ 1384] = 0013841300130393 : 5493241697993619
@@@ mem[ 1392] = 0014851300140493 : 5775816186397843
@@@ mem[ 1400] = 0010811300100093 : 4645518232780947
@@@ mem[ 1408] = 0011821300110193 : 4928092721185171
@@@ mem[ 1416] = 0012831300120293 : 5210667209589395
@@@ mem[ 1424] = 0013841300130393 : 5493241697993619
@@@ mem[ 1432] = 0014851300140493 : 5775816186397843
@@@ mem[ 1440] = 0000000010500073 : 273678451
@@@
@@@
@@               1103000 : System halted
@@
@@@ System halted on WFI instruction
@@@
@@
@@  365 cycles / 360 instrs = 1.013889 CPI
@@
@@  1092.00 ns total time to execute
@@

$finish called from file "test/pipeline_test.sv", line 296.
$finish at simulation time              1203000
           V C S   S i m u l a t i o n   R e p o r t 
Time: 1203000 ps
CPU Time:      0.180 seconds;       Data structure size:   2.2Mb
Fri Feb 28 14:39:33 2025
