Info: [VCS_SAVE_RESTORE_INFO] ASLR (Address Space Layout Randomization) is detected on the machine. To enable $save functionality, ASLR will be switched off and simv re-executed.
Please use '-no_save' simv switch to avoid re-execution or '-suppress=ASLR_DETECTED_INFO' to suppress this message.
Chronologic VCS simulator copyright 1991-2023
Contains Synopsys proprietary information.
Compiler version U-2023.03-SP2-1_Full64; Runtime version U-2023.03-SP2-1_Full64;  Apr 12 22:50 2025
Loading memory file: programs/raw_program.mem
Using writeback output file: output/raw_program.wb
Using pipeline output file: output/raw_program.ppln
@@
@@
@@                     0  Asserting System reset......
@@
@@                     0 : System STILL at reset, can't show anything
@@
@@
@@                  3000 : System STILL at reset, can't show anything
@@
@@
@@                  6000 : System STILL at reset, can't show anything
@@
@@
@@                  9000 : System STILL at reset, can't show anything
@@
@@                 11500  Deasserting System reset......
@@
@@
@@@ Unified Memory contents hex on left, decimal on right: 
@@@
@@@ mem[    0] = 0020819300100093 : 9149667615965331
@@@ mem[    8] = 1050007300318133 : 1175439996668182835
@@@
@@@
@@                 68000 : System halted
@@
@@@ System halted on WFI instruction
@@@
@@
@@  20 cycles / 3 instrs = 6.666667 CPI
@@
@@  57.00 ns total time to execute
@@

$finish called from file "test/pipeline_test.sv", line 296.
$finish at simulation time               168000
           V C S   S i m u l a t i o n   R e p o r t 
Time: 168000 ps
CPU Time:      0.280 seconds;       Data structure size:   0.1Mb
Sat Apr 12 22:50:51 2025
